Archive member included to satisfy reference by file (symbol)

d:/systemworkbench/plugins/fr.ac6.mcu.externaltools.arm-none.win32_1.17.0.201812190825/tools/compiler/bin/../lib/gcc/arm-none-eabi/7.3.1/thumb/v7-m\libgcc.a(_arm_addsubdf3.o)
                              lib/bsp/MPU6050/stm32f1_mpu6050.o (__aeabi_f2d)
d:/systemworkbench/plugins/fr.ac6.mcu.externaltools.arm-none.win32_1.17.0.201812190825/tools/compiler/bin/../lib/gcc/arm-none-eabi/7.3.1/thumb/v7-m\libgcc.a(_arm_addsubsf3.o)
                              lib/bsp/MPU6050/stm32f1_mpu6050.o (__aeabi_fadd)
d:/systemworkbench/plugins/fr.ac6.mcu.externaltools.arm-none.win32_1.17.0.201812190825/tools/compiler/bin/../lib/gcc/arm-none-eabi/7.3.1/thumb/v7-m\libgcc.a(_arm_muldivsf3.o)
                              lib/bsp/MPU6050/stm32f1_mpu6050.o (__aeabi_fdiv)
d:/systemworkbench/plugins/fr.ac6.mcu.externaltools.arm-none.win32_1.17.0.201812190825/tools/compiler/bin/../lib/gcc/arm-none-eabi/7.3.1/thumb/v7-m\libgcc.a(_aeabi_ldivmod.o)
                              lib/bsp/stm32f1_timer.o (__aeabi_ldivmod)
d:/systemworkbench/plugins/fr.ac6.mcu.externaltools.arm-none.win32_1.17.0.201812190825/tools/compiler/bin/../lib/gcc/arm-none-eabi/7.3.1/thumb/v7-m\libgcc.a(_aeabi_uldivmod.o)
                              lib/bsp/stm32f1_timer.o (__aeabi_uldivmod)
d:/systemworkbench/plugins/fr.ac6.mcu.externaltools.arm-none.win32_1.17.0.201812190825/tools/compiler/bin/../lib/gcc/arm-none-eabi/7.3.1/thumb/v7-m\libgcc.a(_udivmoddi4.o)
                              d:/systemworkbench/plugins/fr.ac6.mcu.externaltools.arm-none.win32_1.17.0.201812190825/tools/compiler/bin/../lib/gcc/arm-none-eabi/7.3.1/thumb/v7-m\libgcc.a(_aeabi_ldivmod.o) (__udivmoddi4)
d:/systemworkbench/plugins/fr.ac6.mcu.externaltools.arm-none.win32_1.17.0.201812190825/tools/compiler/bin/../lib/gcc/arm-none-eabi/7.3.1/thumb/v7-m\libgcc.a(_dvmd_tls.o)
                              d:/systemworkbench/plugins/fr.ac6.mcu.externaltools.arm-none.win32_1.17.0.201812190825/tools/compiler/bin/../lib/gcc/arm-none-eabi/7.3.1/thumb/v7-m\libgcc.a(_aeabi_ldivmod.o) (__aeabi_ldiv0)
d:/systemworkbench/plugins/fr.ac6.mcu.externaltools.arm-none.win32_1.17.0.201812190825/tools/compiler/bin/../lib/gcc/arm-none-eabi/7.3.1/../../../../arm-none-eabi/lib/thumb/v7-m\libc.a(lib_a-errno.o)
                              lib/bsp/stm32f1_sys.o (__errno)
d:/systemworkbench/plugins/fr.ac6.mcu.externaltools.arm-none.win32_1.17.0.201812190825/tools/compiler/bin/../lib/gcc/arm-none-eabi/7.3.1/../../../../arm-none-eabi/lib/thumb/v7-m\libc.a(lib_a-exit.o)
                              d:/systemworkbench/plugins/fr.ac6.mcu.externaltools.arm-none.win32_1.17.0.201812190825/tools/compiler/bin/../lib/gcc/arm-none-eabi/7.3.1/../../../../arm-none-eabi/lib/thumb/v7-m/crt0.o (exit)
d:/systemworkbench/plugins/fr.ac6.mcu.externaltools.arm-none.win32_1.17.0.201812190825/tools/compiler/bin/../lib/gcc/arm-none-eabi/7.3.1/../../../../arm-none-eabi/lib/thumb/v7-m\libc.a(lib_a-impure.o)
                              d:/systemworkbench/plugins/fr.ac6.mcu.externaltools.arm-none.win32_1.17.0.201812190825/tools/compiler/bin/../lib/gcc/arm-none-eabi/7.3.1/../../../../arm-none-eabi/lib/thumb/v7-m\libc.a(lib_a-exit.o) (_global_impure_ptr)
d:/systemworkbench/plugins/fr.ac6.mcu.externaltools.arm-none.win32_1.17.0.201812190825/tools/compiler/bin/../lib/gcc/arm-none-eabi/7.3.1/../../../../arm-none-eabi/lib/thumb/v7-m\libc.a(lib_a-init.o)
                              d:/systemworkbench/plugins/fr.ac6.mcu.externaltools.arm-none.win32_1.17.0.201812190825/tools/compiler/bin/../lib/gcc/arm-none-eabi/7.3.1/../../../../arm-none-eabi/lib/thumb/v7-m/crt0.o (__libc_init_array)
d:/systemworkbench/plugins/fr.ac6.mcu.externaltools.arm-none.win32_1.17.0.201812190825/tools/compiler/bin/../lib/gcc/arm-none-eabi/7.3.1/../../../../arm-none-eabi/lib/thumb/v7-m\libc.a(lib_a-itoa.o)
                              appli/main.o (itoa)
d:/systemworkbench/plugins/fr.ac6.mcu.externaltools.arm-none.win32_1.17.0.201812190825/tools/compiler/bin/../lib/gcc/arm-none-eabi/7.3.1/../../../../arm-none-eabi/lib/thumb/v7-m\libc.a(lib_a-malloc.o)
                              lib/bsp/stm32f1_sys.o (malloc)
d:/systemworkbench/plugins/fr.ac6.mcu.externaltools.arm-none.win32_1.17.0.201812190825/tools/compiler/bin/../lib/gcc/arm-none-eabi/7.3.1/../../../../arm-none-eabi/lib/thumb/v7-m\libc.a(lib_a-mallocr.o)
                              d:/systemworkbench/plugins/fr.ac6.mcu.externaltools.arm-none.win32_1.17.0.201812190825/tools/compiler/bin/../lib/gcc/arm-none-eabi/7.3.1/../../../../arm-none-eabi/lib/thumb/v7-m\libc.a(lib_a-malloc.o) (_malloc_r)
d:/systemworkbench/plugins/fr.ac6.mcu.externaltools.arm-none.win32_1.17.0.201812190825/tools/compiler/bin/../lib/gcc/arm-none-eabi/7.3.1/../../../../arm-none-eabi/lib/thumb/v7-m\libc.a(lib_a-memset.o)
[...]
Memory Configuration

Name             Origin             Length             Attributes
FLASH            0x08000000         0x00020000         xr
RAM              0x20000000         0x00005000         xrw
*default*        0x00000000         0xffffffff

Linker script and memory map

LOAD d:/systemworkbench/plugins/fr.ac6.mcu.externaltools.arm-none.win32_1.17.0.201812190825/tools/compiler/bin/../lib/gcc/arm-none-eabi/7.3.1/thumb/v7-m/crti.o
LOAD d:/systemworkbench/plugins/fr.ac6.mcu.externaltools.arm-none.win32_1.17.0.201812190825/tools/compiler/bin/../lib/gcc/arm-none-eabi/7.3.1/thumb/v7-m/crtbegin.o
LOAD d:/systemworkbench/plugins/fr.ac6.mcu.externaltools.arm-none.win32_1.17.0.201812190825/tools/compiler/bin/../lib/gcc/arm-none-eabi/7.3.1/../../../../arm-none-eabi/lib/thumb/v7-m/crt0.o
LOAD appli/main.o
LOAD lib/bsp/MPU6050/stm32f1_mpu6050.o
LOAD lib/bsp/stm32f1_adc.o
LOAD lib/bsp/stm32f1_gpio.o
LOAD lib/bsp/stm32f1_i2c.o
LOAD lib/bsp/stm32f1_rtc.o
LOAD lib/bsp/stm32f1_spi.o
LOAD lib/bsp/stm32f1_sys.o
LOAD lib/bsp/stm32f1_timer.o
LOAD lib/bsp/stm32f1_uart.o
LOAD lib/bsp/stm32f1_weak_it.o
LOAD lib/bsp/stm32f1xx_nucleo.o
LOAD lib/bsp/system_stm32f1xx.o
LOAD lib/bsp/systick.o
LOAD lib/bsp/tft_ili9341/stm32f1_fonts.o
LOAD lib/bsp/tft_ili9341/stm32f1_ili9341.o
LOAD lib/bsp/tft_ili9341/stm32f1_xpt2046.o
LOAD lib/hal/src/Legacy/stm32f1xx_hal_can.o
LOAD lib/hal/src/stm32f1xx_hal.o
LOAD lib/hal/src/stm32f1xx_hal_adc.o
LOAD lib/hal/src/stm32f1xx_hal_adc_ex.o
LOAD lib/hal/src/stm32f1xx_hal_can.o
LOAD lib/hal/src/stm32f1xx_hal_cec.o
LOAD lib/hal/src/stm32f1xx_hal_cortex.o
LOAD lib/hal/src/stm32f1xx_hal_crc.o
LOAD lib/hal/src/stm32f1xx_hal_dac.o
LOAD lib/hal/src/stm32f1xx_hal_dac_ex.o
LOAD lib/hal/src/stm32f1xx_hal_dma.o
LOAD lib/hal/src/stm32f1xx_hal_eth.o
LOAD lib/hal/src/stm32f1xx_hal_flash.o
LOAD lib/hal/src/stm32f1xx_hal_flash_ex.o
LOAD lib/hal/src/stm32f1xx_hal_gpio.o
LOAD lib/hal/src/stm32f1xx_hal_gpio_ex.o
LOAD lib/hal/src/stm32f1xx_hal_hcd.o
LOAD lib/hal/src/stm32f1xx_hal_i2c.o
LOAD lib/hal/src/stm32f1xx_hal_i2s.o
LOAD lib/hal/src/stm32f1xx_hal_irda.o
LOAD lib/hal/src/stm32f1xx_hal_iwdg.o
LOAD lib/hal/src/stm32f1xx_hal_mmc.o
LOAD lib/hal/src/stm32f1xx_hal_msp_template.o
LOAD lib/hal/src/stm32f1xx_hal_nand.o
LOAD lib/hal/src/stm32f1xx_hal_nor.o
LOAD lib/hal/src/stm32f1xx_hal_pccard.o
LOAD lib/hal/src/stm32f1xx_hal_pcd.o
LOAD lib/hal/src/stm32f1xx_hal_pcd_ex.o
LOAD lib/hal/src/stm32f1xx_hal_pwr.o
LOAD lib/hal/src/stm32f1xx_hal_rcc.o
LOAD lib/hal/src/stm32f1xx_hal_rcc_ex.o
LOAD lib/hal/src/stm32f1xx_hal_rtc.o
LOAD lib/hal/src/stm32f1xx_hal_rtc_ex.o
LOAD lib/hal/src/stm32f1xx_hal_sd.o
LOAD lib/hal/src/stm32f1xx_hal_smartcard.o
LOAD lib/hal/src/stm32f1xx_hal_spi.o
LOAD lib/hal/src/stm32f1xx_hal_spi_ex.o
LOAD lib/hal/src/stm32f1xx_hal_sram.o
LOAD lib/hal/src/stm32f1xx_hal_tim.o
LOAD lib/hal/src/stm32f1xx_hal_tim_ex.o
LOAD lib/hal/src/stm32f1xx_hal_uart.o
LOAD lib/hal/src/stm32f1xx_hal_usart.o
LOAD lib/hal/src/stm32f1xx_hal_wwdg.o
LOAD lib/hal/src/stm32f1xx_ll_adc.o
LOAD lib/hal/src/stm32f1xx_ll_crc.o
LOAD lib/hal/src/stm32f1xx_ll_dac.o
LOAD lib/hal/src/stm32f1xx_ll_dma.o
LOAD lib/hal/src/stm32f1xx_ll_exti.o
LOAD lib/hal/src/stm32f1xx_ll_fsmc.o
LOAD lib/hal/src/stm32f1xx_ll_gpio.o
LOAD lib/hal/src/stm32f1xx_ll_i2c.o
LOAD lib/hal/src/stm32f1xx_ll_pwr.o
LOAD lib/hal/src/stm32f1xx_ll_rcc.o
LOAD lib/hal/src/stm32f1xx_ll_rtc.o
LOAD lib/hal/src/stm32f1xx_ll_sdmmc.o
LOAD lib/hal/src/stm32f1xx_ll_spi.o
LOAD lib/hal/src/stm32f1xx_ll_tim.o
LOAD lib/hal/src/stm32f1xx_ll_usart.o
LOAD lib/hal/src/stm32f1xx_ll_usb.o
LOAD lib/hal/src/stm32f1xx_ll_utils.o
LOAD lib/startup_stm32f103xb.o
LOAD d:/systemworkbench/plugins/fr.ac6.mcu.externaltools.arm-none.win32_1.17.0.201812190825/tools/compiler/bin/../lib/gcc/arm-none-eabi/7.3.1/../../../../arm-none-eabi/lib/thumb/v7-m\libm.a
START GROUP
LOAD d:/systemworkbench/plugins/fr.ac6.mcu.externaltools.arm-none.win32_1.17.0.201812190825/tools/compiler/bin/../lib/gcc/arm-none-eabi/7.3.1/thumb/v7-m\libgcc.a
LOAD d:/systemworkbench/plugins/fr.ac6.mcu.externaltools.arm-none.win32_1.17.0.201812190825/tools/compiler/bin/../lib/gcc/arm-none-eabi/7.3.1/../../../../arm-none-eabi/lib/thumb/v7-m\libc.a
END GROUP
LOAD d:/systemworkbench/plugins/fr.ac6.mcu.externaltools.arm-none.win32_1.17.0.201812190825/tools/compiler/bin/../lib/gcc/arm-none-eabi/7.3.1/thumb/v7-m/crtend.o
LOAD d:/systemworkbench/plugins/fr.ac6.mcu.externaltools.arm-none.win32_1.17.0.201812190825/tools/compiler/bin/../lib/gcc/arm-none-eabi/7.3.1/thumb/v7-m/crtn.o
                0x20005000                _estack = 0x20005000
                0x00000200                _Min_Heap_Size = 0x200
                0x00000400                _Min_Stack_Size = 0x400

.isr_vector     0x08000000      0x10c
                0x08000000                . = ALIGN (0x4)
 *(.isr_vector)
 .isr_vector    0x08000000      0x10c lib/startup_stm32f103xb.o
                0x08000000                g_pfnVectors
                0x0800010c                . = ALIGN (0x4)

.text           0x08000110     0xb6a4
                0x08000110                . = ALIGN (0x4)
 *(.text)
 .text          0x08000110       0x40 d:/systemworkbench/plugins/fr.ac6.mcu.externaltools.arm-none.win32_1.17.0.201812190825/tools/compiler/bin/../lib/gcc/arm-none-eabi/7.3.1/thumb/v7-m/crtbegin.o
 .text          0x08000150      0x378 d:/systemworkbench/plugins/fr.ac6.mcu.externaltools.arm-none.win32_1.17.0.201812190825/tools/compiler/bin/../lib/gcc/arm-none-eabi/7.3.1/thumb/v7-m\libgcc.a(_arm_addsubdf3.o)
                0x08000150                __aeabi_drsub
                0x08000158                __aeabi_dsub
                0x08000158                __subdf3
                0x0800015c                __aeabi_dadd
                0x0800015c                __adddf3
                0x080003d4                __floatunsidf
                0x080003d4                __aeabi_ui2d
                0x080003f4                __floatsidf
                0x080003f4                __aeabi_i2d
                0x08000418                __aeabi_f2d
                0x08000418                __extendsfdf2
                0x0800045c                __floatundidf
                0x0800045c                __aeabi_ul2d
                0x0800046c                __floatdidf
                0x0800046c                __aeabi_l2d
 .text          0x080004c8       0xa0 d:/systemworkbench/plugins/fr.ac6.mcu.externaltools.arm-none.win32_1.17.0.201812190825/tools/compiler/bin/../lib/gcc/arm-none-eabi/7.3.1/thumb/v7-m\libgcc.a(_aeabi_ldivmod.o)
                0x080004c8                __aeabi_ldivmod
 .text          0x08000568       0x30 d:/systemworkbench/plugins/fr.ac6.mcu.externaltools.arm-none.win32_1.17.0.201812190825/tools/compiler/bin/../lib/gcc/arm-none-eabi/7.3.1/thumb/v7-m\libgcc.a(_aeabi_uldivmod.o)
                0x08000568                __aeabi_uldivmod
 .text          0x08000598      0x2d0 d:/systemworkbench/plugins/fr.ac6.mcu.externaltools.arm-none.win32_1.17.0.201812190825/tools/compiler/bin/../lib/gcc/arm-none-eabi/7.3.1/thumb/v7-m\libgcc.a(_udivmoddi4.o)
                0x08000598                __udivmoddi4
 .text          0x08000868        0x4 d:/systemworkbench/plugins/fr.ac6.mcu.externaltools.arm-none.win32_1.17.0.201812190825/tools/compiler/bin/../lib/gcc/arm-none-eabi/7.3.1/thumb/v7-m\libgcc.a(_dvmd_tls.o)
                0x08000868                __aeabi_idiv0
                0x08000868                __aeabi_ldiv0
 .text          0x0800086c       0xec d:/systemworkbench/plugins/fr.ac6.mcu.externaltools.arm-none.win32_1.17.0.201812190825/tools/compiler/bin/../lib/gcc/arm-none-eabi/7.3.1/../../../../arm-none-eabi/lib/thumb/v7-m\libc.a(lib_a-memcpy.o)
                0x0800086c                memcpy
 .text          0x08000958      0x424 d:/systemworkbench/plugins/fr.ac6.mcu.externaltools.arm-none.win32_1.17.0.201812190825/tools/compiler/bin/../lib/gcc/arm-none-eabi/7.3.1/thumb/v7-m\libgcc.a(_arm_muldivdf3.o)
                0x08000958                __aeabi_dmul
                0x08000958                __muldf3
                0x08000bac                __divdf3
                0x08000bac                __aeabi_ddiv
 .text          0x08000d7c      0x110 d:/systemworkbench/plugins/fr.ac6.mcu.externaltools.arm-none.win32_1.17.0.201812190825/tools/compiler/bin/../lib/gcc/arm-none-eabi/7.3.1/thumb/v7-m\libgcc.a(_arm_cmpdf2.o)
                0x08000d7c                __gtdf2
                0x08000d7c                __gedf2
                0x08000d84                __ltdf2
                0x08000d84                __ledf2
                0x08000d8c                __nedf2
                0x08000d8c                __eqdf2
                0x08000d8c                __cmpdf2
                0x08000e08                __aeabi_cdrcmple
                0x08000e18                __aeabi_cdcmpeq
                0x08000e18                __aeabi_cdcmple
                0x08000e28                __aeabi_dcmpeq
                0x08000e3c                __aeabi_dcmplt
                0x08000e50                __aeabi_dcmple
                0x08000e64                __aeabi_dcmpge
                0x08000e78                __aeabi_dcmpgt
 .text          0x08000e8c       0x2c d:/systemworkbench/plugins/fr.ac6.mcu.externaltools.arm-none.win32_1.17.0.201812190825/tools/compiler/bin/../lib/gcc/arm-none-eabi/7.3.1/thumb/v7-m\libgcc.a(_arm_unorddf2.o)
                0x08000e8c                __unorddf2
                0x08000e8c                __aeabi_dcmpun
 .text          0x08000eb8       0x50 d:/systemworkbench/plugins/fr.ac6.mcu.externaltools.arm-none.win32_1.17.0.201812190825/tools/compiler/bin/../lib/gcc/arm-none-eabi/7.3.1/thumb/v7-m\libgcc.a(_arm_fixdfsi.o)
                0x08000eb8                __aeabi_d2iz
                0x08000eb8                __fixdfsi
 *(.text*)
 .text.writeGreenLed
                0x08000f08       0x14 appli/main.o
                0x08000f08                writeGreenLed
 .text.blinkGreenLedWithBuzzer
                0x08000f1c       0x4c appli/main.o
                0x08000f1c                blinkGreenLedWithBuzzer
 .text.writeYellowLed
                0x08000f68       0x14 appli/main.o
                0x08000f68                writeYellowLed
 .text.blinkRedLedWithBuzzer
                0x08000f7c       0x5c appli/main.o
                0x08000f7c                blinkRedLedWithBuzzer
 .text.writeBuzzer
                0x08000fd8       0x14 appli/main.o
                0x08000fd8                writeBuzzer
 .text.allLedOff
                0x08000fec       0x30 appli/main.o
                0x08000fec                allLedOff
 .text.displayLeftPart
                0x0800101c       0x78 appli/main.o
                0x0800101c                displayLeftPart
 .text.displayRightPart
                0x08001094       0x98 appli/main.o
                0x08001094                displayRightPart
 .text.displayData
                0x0800112c       0xcc appli/main.o
                0x0800112c                displayData
 .text.displayPlayer
                0x080011f8       0x28 appli/main.o
                0x080011f8                displayPlayer
 .text.displayLevel
                0x08001220       0x30 appli/main.o
                0x08001220                displayLevel
 .text.displayGoal
                0x08001250       0x30 appli/main.o
                0x08001250                displayGoal
 .text.updateData
                0x08001280       0x18 appli/main.o
                0x08001280                updateData
 .text.setGameStatus
                0x08001298       0x60 appli/main.o
                0x08001298                setGameStatus
 .text.displayInterface
                0x080012f8       0x2c appli/main.o
                0x080012f8                displayInterface
 .text.win      0x08001324        0xc appli/main.o
                0x08001324                win
 .text.lost     0x08001330        0xc appli/main.o
                0x08001330                lost
 .text.setToZero
                0x0800133c       0x24 appli/main.o
                0x0800133c                setToZero
 .text.gameTimed
                0x08001360      0x174 appli/main.o
                0x08001360                gameTimed
 .text.main     0x080014d4       0xa4 appli/main.o
                0x080014d4                main
 .text.PORTS_adc_init
                0x08001578       0x9c lib/bsp/stm32f1_adc.o
 .text.ADC_init
                0x08001614       0xfc lib/bsp/stm32f1_adc.o
                0x08001614                ADC_init
 .text.ADC_getValue
                0x08001710       0x34 lib/bsp/stm32f1_adc.o
                0x08001710                ADC_getValue
 .text.DMA1_Channel1_IRQHandler
                0x08001744       0x18 lib/bsp/stm32f1_adc.o
                0x08001744                DMA1_Channel1_IRQHandler
 .text.BSP_GPIO_Enable
                0x0800175c       0x8c lib/bsp/stm32f1_gpio.o
                0x0800175c                BSP_GPIO_Enable
 .text.BSP_GPIO_PinCfg
                0x080017e8       0x1a lib/bsp/stm32f1_gpio.o
                0x080017e8                BSP_GPIO_PinCfg
 *fill*         0x08001802        0x2 
 .text.NVIC_SystemReset
                0x08001804       0x24 lib/bsp/stm32f1_spi.o
 .text.SPI_Init
                0x08001828      0x13c lib/bsp/stm32f1_spi.o
                0x08001828                SPI_Init
 .text.SPI_WriteNoRegister
                0x08001964       0x5c lib/bsp/stm32f1_spi.o
                0x08001964                SPI_WriteNoRegister
 .text.SPI_WriteMultiNoRegister
                0x080019c0       0x4c lib/bsp/stm32f1_spi.o
                0x080019c0                SPI_WriteMultiNoRegister
 .text.TM_SPI_SetDataSize
                0x08001a0c       0x60 lib/bsp/stm32f1_spi.o
                0x08001a0c                TM_SPI_SetDataSize
 .text.SYS_NVIC_PriorityGrouping
                0x08001a6c        0xa lib/bsp/stm32f1_sys.o
                0x08001a6c                SYS_NVIC_PriorityGrouping
 .text.SYS_ClockConfig
                0x08001a76       0x4c lib/bsp/stm32f1_sys.o
                0x08001a76                SYS_ClockConfig
 .text.HAL_MspInit
                0x08001ac2        0xc lib/bsp/stm32f1_sys.o
                0x08001ac2                HAL_MspInit
 .text._close   0x08001ace        0x6 lib/bsp/stm32f1_sys.o
                0x08001ace                _close
 .text._fstat   0x08001ad4        0xa lib/bsp/stm32f1_sys.o
                0x08001ad4                _fstat
 .text._isatty  0x08001ade       0x16 lib/bsp/stm32f1_sys.o
                0x08001ade                _isatty
 .text._lseek   0x08001af4        0x4 lib/bsp/stm32f1_sys.o
                0x08001af4                _lseek
 .text._sbrk    0x08001af8       0x3c lib/bsp/stm32f1_sys.o
                0x08001af8                _sbrk
 .text._sbrk_r  0x08001b34       0x34 lib/bsp/stm32f1_sys.o
                0x08001b34                _sbrk_r
 .text.SYS_set_std_usart
                0x08001b68       0x1c lib/bsp/stm32f1_sys.o
                0x08001b68                SYS_set_std_usart
 .text._read    0x08001b84       0x40 lib/bsp/stm32f1_sys.o
                0x08001b84                _read
 .text._write   0x08001bc4       0x58 lib/bsp/stm32f1_sys.o
                0x08001bc4                _write
 .text.dump_printf
                0x08001c1c       0x38 lib/bsp/stm32f1_sys.o
                0x08001c1c                dump_printf
 .text.dump_trap_info
                0x08001c54       0xe4 lib/bsp/stm32f1_sys.o
                0x08001c54                dump_trap_info
 .text.Fault_Handler
                0x08001d38       0x14 lib/bsp/stm32f1_sys.o
                0x08001d38                UsageFault_Handler
                0x08001d38                MemManage_Handler
                0x08001d38                Fault_Handler
                0x08001d38                BusFault_Handler
                0x08001d38                HardFault_Handler
 .text.NMI_Handler
                0x08001d4c       0x10 lib/bsp/stm32f1_sys.o
                0x08001d4c                NMI_Handler
 .text.SVC_Handler
                0x08001d5c       0x10 lib/bsp/stm32f1_sys.o
                0x08001d5c                SVC_Handler
 .text.DebugMon_Handler
                0x08001d6c       0x10 lib/bsp/stm32f1_sys.o
                0x08001d6c                DebugMon_Handler
 .text.PendSV_Handler
                0x08001d7c       0x10 lib/bsp/stm32f1_sys.o
                0x08001d7c                PendSV_Handler
 .text.TIMER_read
                0x08001d8c       0x10 lib/bsp/stm32f1_timer.o
                0x08001d8c                TIMER_read
 .text.TIMER_get_phandler
                0x08001d9c        0xc lib/bsp/stm32f1_timer.o
                0x08001d9c                TIMER_get_phandler
 .text.TIMER1_user_handler_it
                0x08001da8        0x2 lib/bsp/stm32f1_timer.o
                0x08001da8                TIMER1_user_handler_it
 .text.TIMER2_user_handler_it
                0x08001daa        0x2 lib/bsp/stm32f1_timer.o
                0x08001daa                TIMER2_user_handler_it
 .text.TIMER3_user_handler_it
                0x08001dac        0x2 lib/bsp/stm32f1_timer.o
                0x08001dac                TIMER3_user_handler_it
 .text.TIMER4_user_handler_it
                0x08001dae        0x2 lib/bsp/stm32f1_timer.o
                0x08001dae                TIMER4_user_handler_it
 .text.TIM1_UP_IRQHandler
                0x08001db0       0x20 lib/bsp/stm32f1_timer.o
                0x08001db0                TIM1_UP_IRQHandler
 .text.TIM2_IRQHandler
                0x08001dd0       0x20 lib/bsp/stm32f1_timer.o
                0x08001dd0                TIM2_IRQHandler
 .text.TIM3_IRQHandler
                0x08001df0       0x24 lib/bsp/stm32f1_timer.o
                0x08001df0                TIM3_IRQHandler
 .text.TIM4_IRQHandler
                0x08001e14       0x24 lib/bsp/stm32f1_timer.o
                0x08001e14                TIM4_IRQHandler
 .text.clear_it_status
                0x08001e38       0x44 lib/bsp/stm32f1_timer.o
                0x08001e38                clear_it_status
 *fill*         0x08001e7c        0x4 
 .text.TIMER_run_us
                0x08001e80      0x1a0 lib/bsp/stm32f1_timer.o
                0x08001e80                TIMER_run_us
 .text.NVIC_SystemReset
                0x08002020       0x24 lib/bsp/stm32f1_uart.o
 .text.UART_init
                0x08002044      0x108 lib/bsp/stm32f1_uart.o
                0x08002044                UART_init
 .text.UART_data_ready
                0x0800214c       0x28 lib/bsp/stm32f1_uart.o
                0x0800214c                UART_data_ready
 .text.UART_get_next_byte
                0x08002174       0xa0 lib/bsp/stm32f1_uart.o
                0x08002174                UART_get_next_byte
 .text.UART_putc
                0x08002214       0x74 lib/bsp/stm32f1_uart.o
                0x08002214                UART_putc
 .text.UART_impolite_force_puts_on_uart
                0x08002288       0x34 lib/bsp/stm32f1_uart.o
                0x08002288                UART_impolite_force_puts_on_uart
 .text.USART1_IRQHandler
                0x080022bc       0x10 lib/bsp/stm32f1_uart.o
                0x080022bc                USART1_IRQHandler
 .text.USART2_IRQHandler
                0x080022cc       0x10 lib/bsp/stm32f1_uart.o
                0x080022cc                USART2_IRQHandler
 .text.USART3_IRQHandler
                0x080022dc       0x10 lib/bsp/stm32f1_uart.o
                0x080022dc                USART3_IRQHandler
 .text.HAL_UART_RxCpltCallback
                0x080022ec       0x70 lib/bsp/stm32f1_uart.o
                0x080022ec                HAL_UART_RxCpltCallback
 .text.HAL_UART_MspInit
                0x0800235c      0x134 lib/bsp/stm32f1_uart.o
                0x0800235c                HAL_UART_MspInit
 .text.HAL_UART_ErrorCallback
                0x08002490       0x14 lib/bsp/stm32f1_uart.o
                0x08002490                HAL_UART_ErrorCallback
 .text.WWDG_IRQHandler
                0x080024a4       0x18 lib/bsp/stm32f1_weak_it.o
                0x080024a4                WWDG_IRQHandler
 .text.PVD_IRQHandler
                0x080024bc       0x18 lib/bsp/stm32f1_weak_it.o
                0x080024bc                PVD_IRQHandler
 .text.TAMPER_IRQHandler
                0x080024d4       0x18 lib/bsp/stm32f1_weak_it.o
                0x080024d4                TAMPER_IRQHandler
 .text.RTC_IRQHandler
                0x080024ec       0x18 lib/bsp/stm32f1_weak_it.o
                0x080024ec                RTC_IRQHandler
 .text.FLASH_IRQHandler
                0x08002504       0x18 lib/bsp/stm32f1_weak_it.o
                0x08002504                FLASH_IRQHandler
 .text.RCC_IRQHandler
                0x0800251c       0x18 lib/bsp/stm32f1_weak_it.o
                0x0800251c                RCC_IRQHandler
 .text.EXTI0_IRQHandler
                0x08002534       0x18 lib/bsp/stm32f1_weak_it.o
                0x08002534                EXTI0_IRQHandler
 .text.EXTI1_IRQHandler
                0x0800254c       0x18 lib/bsp/stm32f1_weak_it.o
                0x0800254c                EXTI1_IRQHandler
 .text.EXTI2_IRQHandler
                0x08002564       0x18 lib/bsp/stm32f1_weak_it.o
                0x08002564                EXTI2_IRQHandler
 .text.EXTI3_IRQHandler
                0x0800257c       0x18 lib/bsp/stm32f1_weak_it.o
                0x0800257c                EXTI3_IRQHandler
 .text.EXTI4_IRQHandler
                0x08002594       0x18 lib/bsp/stm32f1_weak_it.o
                0x08002594                EXTI4_IRQHandler
 .text.DMA1_Channel2_IRQHandler
                0x080025ac       0x18 lib/bsp/stm32f1_weak_it.o
                0x080025ac                DMA1_Channel2_IRQHandler
 .text.DMA1_Channel3_IRQHandler
                0x080025c4       0x18 lib/bsp/stm32f1_weak_it.o
                0x080025c4                DMA1_Channel3_IRQHandler
 .text.DMA1_Channel4_IRQHandler
                0x080025dc       0x18 lib/bsp/stm32f1_weak_it.o
                0x080025dc                DMA1_Channel4_IRQHandler
 .text.DMA1_Channel5_IRQHandler
                0x080025f4       0x18 lib/bsp/stm32f1_weak_it.o
                0x080025f4                DMA1_Channel5_IRQHandler
 .text.DMA1_Channel6_IRQHandler
                0x0800260c       0x18 lib/bsp/stm32f1_weak_it.o
                0x0800260c                DMA1_Channel6_IRQHandler
 .text.DMA1_Channel7_IRQHandler
                0x08002624       0x18 lib/bsp/stm32f1_weak_it.o
                0x08002624                DMA1_Channel7_IRQHandler
 .text.ADC1_2_IRQHandler
                0x0800263c       0x18 lib/bsp/stm32f1_weak_it.o
                0x0800263c                ADC1_2_IRQHandler
 .text.USB_HP_CAN1_TX_IRQHandler
                0x08002654       0x18 lib/bsp/stm32f1_weak_it.o
                0x08002654                USB_HP_CAN1_TX_IRQHandler
 .text.USB_LP_CAN1_RX0_IRQHandler
                0x0800266c       0x18 lib/bsp/stm32f1_weak_it.o
                0x0800266c                USB_LP_CAN1_RX0_IRQHandler
 .text.CAN1_RX1_IRQHandler
                0x08002684       0x18 lib/bsp/stm32f1_weak_it.o
                0x08002684                CAN1_RX1_IRQHandler
 .text.CAN1_SCE_IRQHandler
                0x0800269c       0x18 lib/bsp/stm32f1_weak_it.o
                0x0800269c                CAN1_SCE_IRQHandler
 .text.EXTI9_5_IRQHandler
                0x080026b4       0x18 lib/bsp/stm32f1_weak_it.o
                0x080026b4                EXTI9_5_IRQHandler
 .text.TIM1_BRK_IRQHandler
                0x080026cc       0x18 lib/bsp/stm32f1_weak_it.o
                0x080026cc                TIM1_BRK_IRQHandler
 .text.TIM1_TRG_COM_IRQHandler
                0x080026e4       0x18 lib/bsp/stm32f1_weak_it.o
                0x080026e4                TIM1_TRG_COM_IRQHandler
 .text.TIM1_CC_IRQHandler
                0x080026fc       0x18 lib/bsp/stm32f1_weak_it.o
                0x080026fc                TIM1_CC_IRQHandler
 .text.I2C1_EV_IRQHandler
                0x08002714       0x18 lib/bsp/stm32f1_weak_it.o
                0x08002714                I2C1_EV_IRQHandler
 .text.I2C1_ER_IRQHandler
                0x0800272c       0x18 lib/bsp/stm32f1_weak_it.o
                0x0800272c                I2C1_ER_IRQHandler
 .text.I2C2_EV_IRQHandler
                0x08002744       0x18 lib/bsp/stm32f1_weak_it.o
                0x08002744                I2C2_EV_IRQHandler
 .text.I2C2_ER_IRQHandler
                0x0800275c       0x18 lib/bsp/stm32f1_weak_it.o
                0x0800275c                I2C2_ER_IRQHandler
 .text.SPI1_IRQHandler
                0x08002774       0x18 lib/bsp/stm32f1_weak_it.o
                0x08002774                SPI1_IRQHandler
 .text.SPI2_IRQHandler
                0x0800278c       0x18 lib/bsp/stm32f1_weak_it.o
                0x0800278c                SPI2_IRQHandler
 .text.EXTI15_10_IRQHandler
                0x080027a4       0x18 lib/bsp/stm32f1_weak_it.o
                0x080027a4                EXTI15_10_IRQHandler
 .text.RTC_Alarm_IRQHandler
                0x080027bc       0x18 lib/bsp/stm32f1_weak_it.o
                0x080027bc                RTC_Alarm_IRQHandler
 .text.USBWakeUp_IRQHandler
                0x080027d4       0x18 lib/bsp/stm32f1_weak_it.o
                0x080027d4                USBWakeUp_IRQHandler
 .text.SystemInit
                0x080027ec       0x4c lib/bsp/system_stm32f1xx.o
                0x080027ec                SystemInit
 .text.SystemCoreClockUpdate
                0x08002838       0x94 lib/bsp/system_stm32f1xx.o
                0x08002838                SystemCoreClockUpdate
 .text.Systick_init
                0x080028cc       0x24 lib/bsp/systick.o
                0x080028cc                Systick_init
 .text.SysTick_Handler
                0x080028f0       0x3c lib/bsp/systick.o
                0x080028f0                SysTick_Handler
 .text.ILI9341_SendCommand
                0x0800292c       0x3c lib/bsp/tft_ili9341/stm32f1_ili9341.o
                0x0800292c                ILI9341_SendCommand
 .text.ILI9341_SendData
                0x08002968       0x3c lib/bsp/tft_ili9341/stm32f1_ili9341.o
                0x08002968                ILI9341_SendData
 .text.ILI9341_InitLCD
                0x080029a4      0x270 lib/bsp/tft_ili9341/stm32f1_ili9341.o
                0x080029a4                ILI9341_InitLCD
 .text.ILI9341_SetCursorPosition
                0x08002c14       0x48 lib/bsp/tft_ili9341/stm32f1_ili9341.o
                0x08002c14                ILI9341_SetCursorPosition
 .text.ILI9341_DrawPixel
                0x08002c5c       0x20 lib/bsp/tft_ili9341/stm32f1_ili9341.o
                0x08002c5c                ILI9341_DrawPixel
 .text.ILI9341_INT_Fill
                0x08002c7c       0x8c lib/bsp/tft_ili9341/stm32f1_ili9341.o
                0x08002c7c                ILI9341_INT_Fill
 .text.ILI9341_Fill
                0x08002d08       0x24 lib/bsp/tft_ili9341/stm32f1_ili9341.o
                0x08002d08                ILI9341_Fill
 .text.ILI9341_Rotate
                0x08002d2c       0x60 lib/bsp/tft_ili9341/stm32f1_ili9341.o
                0x08002d2c                ILI9341_Rotate
 .text.ILI9341_Init
                0x08002d8c       0x7c lib/bsp/tft_ili9341/stm32f1_ili9341.o
                0x08002d8c                ILI9341_Init
 .text.ILI9341_Putc
                0x08002e08       0xd0 lib/bsp/tft_ili9341/stm32f1_ili9341.o
                0x08002e08                ILI9341_Putc
 .text.ILI9341_Puts
                0x08002ed8       0xa0 lib/bsp/tft_ili9341/stm32f1_ili9341.o
                0x08002ed8                ILI9341_Puts
 .text.ILI9341_DrawLine
                0x08002f78      0x10a lib/bsp/tft_ili9341/stm32f1_ili9341.o
                0x08002f78                ILI9341_DrawLine
 *fill*         0x08003082        0x2 
 .text.HAL_InitTick
                0x08003084       0x4c lib/hal/src/stm32f1xx_hal.o
                0x08003084                HAL_InitTick
 .text.HAL_Init
                0x080030d0       0x24 lib/hal/src/stm32f1xx_hal.o
                0x080030d0                HAL_Init
 .text.HAL_IncTick
                0x080030f4       0x18 lib/hal/src/stm32f1xx_hal.o
                0x080030f4                HAL_IncTick
 .text.HAL_GetTick
                0x0800310c        0xc lib/hal/src/stm32f1xx_hal.o
                0x0800310c                HAL_GetTick
 .text.HAL_Delay
                0x08003118       0x28 lib/hal/src/stm32f1xx_hal.o
                0x08003118                HAL_Delay
 .text.HAL_ADC_MspInit
                0x08003140        0x2 lib/hal/src/stm32f1xx_hal_adc.o
                0x08003140                HAL_ADC_MspInit
 .text.HAL_ADC_ConvCpltCallback
                0x08003142        0x2 lib/hal/src/stm32f1xx_hal_adc.o
                0x08003142                HAL_ADC_ConvCpltCallback
 .text.ADC_DMAConvCplt
                0x08003144       0x52 lib/hal/src/stm32f1xx_hal_adc.o
                0x08003144                ADC_DMAConvCplt
 .text.HAL_ADC_ConvHalfCpltCallback
                0x08003196        0x2 lib/hal/src/stm32f1xx_hal_adc.o
                0x08003196                HAL_ADC_ConvHalfCpltCallback
 .text.ADC_DMAHalfConvCplt
                0x08003198        0xa lib/hal/src/stm32f1xx_hal_adc.o
                0x08003198                ADC_DMAHalfConvCplt
 .text.HAL_ADC_ErrorCallback
                0x080031a2        0x2 lib/hal/src/stm32f1xx_hal_adc.o
                0x080031a2                HAL_ADC_ErrorCallback
 .text.ADC_DMAError
                0x080031a4       0x1a lib/hal/src/stm32f1xx_hal_adc.o
                0x080031a4                ADC_DMAError
 *fill*         0x080031be        0x2 
 .text.HAL_ADC_ConfigChannel
                0x080031c0      0x138 lib/hal/src/stm32f1xx_hal_adc.o
                0x080031c0                HAL_ADC_ConfigChannel
 .text.ADC_Enable
                0x080032f8       0x80 lib/hal/src/stm32f1xx_hal_adc.o
                0x080032f8                ADC_Enable
 .text.HAL_ADC_Start_DMA
                0x08003378      0x130 lib/hal/src/stm32f1xx_hal_adc.o
                0x08003378                HAL_ADC_Start_DMA
 .text.ADC_ConversionStop_Disable
                0x080034a8       0x4c lib/hal/src/stm32f1xx_hal_adc.o
                0x080034a8                ADC_ConversionStop_Disable
 .text.HAL_ADC_Init
                0x080034f4      0x110 lib/hal/src/stm32f1xx_hal_adc.o
                0x080034f4                HAL_ADC_Init
 .text.HAL_NVIC_SetPriorityGrouping
                0x08003604       0x24 lib/hal/src/stm32f1xx_hal_cortex.o
                0x08003604                HAL_NVIC_SetPriorityGrouping
 .text.HAL_NVIC_SetPriority
                0x08003628       0x68 lib/hal/src/stm32f1xx_hal_cortex.o
                0x08003628                HAL_NVIC_SetPriority
 .text.HAL_NVIC_EnableIRQ
                0x08003690       0x18 lib/hal/src/stm32f1xx_hal_cortex.o
                0x08003690                HAL_NVIC_EnableIRQ
 .text.HAL_SYSTICK_Config
                0x080036a8       0x2c lib/hal/src/stm32f1xx_hal_cortex.o
                0x080036a8                HAL_SYSTICK_Config
 .text.HAL_SYSTICK_Callback
                0x080036d4        0x2 lib/hal/src/stm32f1xx_hal_cortex.o
                0x080036d4                HAL_SYSTICK_Callback
 .text.HAL_SYSTICK_IRQHandler
                0x080036d6        0x8 lib/hal/src/stm32f1xx_hal_cortex.o
                0x080036d6                HAL_SYSTICK_IRQHandler
 .text.DMA_SetConfig
                0x080036de       0x2c lib/hal/src/stm32f1xx_hal_dma.o
 *fill*         0x0800370a        0x2 
 .text.HAL_DMA_Init
                0x0800370c       0x6c lib/hal/src/stm32f1xx_hal_dma.o
                0x0800370c                HAL_DMA_Init
 .text.HAL_DMA_Start_IT
                0x08003778       0x74 lib/hal/src/stm32f1xx_hal_dma.o
                0x08003778                HAL_DMA_Start_IT
 .text.HAL_DMA_Abort_IT
                0x080037ec       0x98 lib/hal/src/stm32f1xx_hal_dma.o
                0x080037ec                HAL_DMA_Abort_IT
 .text.HAL_DMA_IRQHandler
                0x08003884      0x144 lib/hal/src/stm32f1xx_hal_dma.o
                0x08003884                HAL_DMA_IRQHandler
 .text.HAL_GPIO_Init
                0x080039c8      0x1d4 lib/hal/src/stm32f1xx_hal_gpio.o
                0x080039c8                HAL_GPIO_Init
 .text.HAL_GPIO_WritePin
                0x08003b9c        0xc lib/hal/src/stm32f1xx_hal_gpio.o
                0x08003b9c                HAL_GPIO_WritePin
 .text.RCC_Delay
                0x08003ba8       0x2c lib/hal/src/stm32f1xx_hal_rcc.o
 .text.HAL_RCC_OscConfig
                0x08003bd4      0x3dc lib/hal/src/stm32f1xx_hal_rcc.o
                0x08003bd4                HAL_RCC_OscConfig
 .text.HAL_RCC_GetSysClockFreq
                0x08003fb0       0x70 lib/hal/src/stm32f1xx_hal_rcc.o
                0x08003fb0                HAL_RCC_GetSysClockFreq
 .text.HAL_RCC_ClockConfig
                0x08004020      0x19c lib/hal/src/stm32f1xx_hal_rcc.o
                0x08004020                HAL_RCC_ClockConfig
 .text.HAL_RCC_GetHCLKFreq
                0x080041bc        0xc lib/hal/src/stm32f1xx_hal_rcc.o
                0x080041bc                HAL_RCC_GetHCLKFreq
 .text.HAL_RCC_GetPCLK1Freq
                0x080041c8       0x20 lib/hal/src/stm32f1xx_hal_rcc.o
                0x080041c8                HAL_RCC_GetPCLK1Freq
 .text.HAL_RCC_GetPCLK2Freq
                0x080041e8       0x20 lib/hal/src/stm32f1xx_hal_rcc.o
                0x080041e8                HAL_RCC_GetPCLK2Freq
 .text.SPI_WaitFlagStateUntilTimeout
                0x08004208       0x96 lib/hal/src/stm32f1xx_hal_spi.o
 .text.SPI_CheckFlag_BSY
                0x0800429e       0x28 lib/hal/src/stm32f1xx_hal_spi.o
 .text.HAL_SPI_MspInit
                0x080042c6        0x2 lib/hal/src/stm32f1xx_hal_spi.o
                0x080042c6                HAL_SPI_MspInit
 .text.HAL_SPI_Transmit
                0x080042c8      0x1dc lib/hal/src/stm32f1xx_hal_spi.o
                0x080042c8                HAL_SPI_Transmit
 .text.HAL_SPI_Init
                0x080044a4       0x88 lib/hal/src/stm32f1xx_hal_spi_ex.o
                0x080044a4                HAL_SPI_Init
 .text.HAL_TIM_Base_MspInit
                0x0800452c        0x2 lib/hal/src/stm32f1xx_hal_tim.o
                0x0800452c                HAL_TIM_Base_MspInit
 .text.HAL_TIM_Base_Start_IT
                0x0800452e       0x18 lib/hal/src/stm32f1xx_hal_tim.o
                0x0800452e                HAL_TIM_Base_Start_IT
 .text.HAL_TIM_GenerateEvent
                0x08004546       0x26 lib/hal/src/stm32f1xx_hal_tim.o
                0x08004546                HAL_TIM_GenerateEvent
 .text.TIM_Base_SetConfig
                0x0800456c       0x74 lib/hal/src/stm32f1xx_hal_tim.o
                0x0800456c                TIM_Base_SetConfig
 .text.HAL_TIM_Base_Init
                0x080045e0       0x32 lib/hal/src/stm32f1xx_hal_tim.o
                0x080045e0                HAL_TIM_Base_Init
 .text.HAL_TIMEx_MasterConfigSynchronization
                0x08004612       0x52 lib/hal/src/stm32f1xx_hal_tim_ex.o
                0x08004612                HAL_TIMEx_MasterConfigSynchronization
 .text.UART_EndRxTransfer
                0x08004664       0x1c lib/hal/src/stm32f1xx_hal_uart.o
 .text.UART_Transmit_IT
                0x08004680       0x68 lib/hal/src/stm32f1xx_hal_uart.o
 .text.UART_SetConfig
                0x080046e8      0x1ac lib/hal/src/stm32f1xx_hal_uart.o
 .text.HAL_UART_Init
                0x08004894       0x5e lib/hal/src/stm32f1xx_hal_uart.o
                0x08004894                HAL_UART_Init
 .text.HAL_UART_Transmit_IT
                0x080048f2       0x48 lib/hal/src/stm32f1xx_hal_uart.o
                0x080048f2                HAL_UART_Transmit_IT
 .text.HAL_UART_Receive_IT
                0x0800493a       0x5c lib/hal/src/stm32f1xx_hal_uart.o
                0x0800493a                HAL_UART_Receive_IT
 .text.HAL_UART_TxCpltCallback
                0x08004996        0x2 lib/hal/src/stm32f1xx_hal_uart.o
                0x08004996                HAL_UART_TxCpltCallback
 .text.UART_EndTransmit_IT
                0x08004998       0x1a lib/hal/src/stm32f1xx_hal_uart.o
 .text.UART_Receive_IT
                0x080049b2       0x9c lib/hal/src/stm32f1xx_hal_uart.o
 *fill*         0x08004a4e        0x2 
 .text.HAL_UART_IRQHandler
                0x08004a50      0x120 lib/hal/src/stm32f1xx_hal_uart.o
                0x08004a50                HAL_UART_IRQHandler
 .text.UART_DMAAbortOnError
                0x08004b70       0x10 lib/hal/src/stm32f1xx_hal_uart.o
 .text.Reset_Handler
                0x08004b80       0x64 lib/startup_stm32f103xb.o
                0x08004b80                Reset_Handler
 .text.Default_Handler
                0x08004be4        0x2 lib/startup_stm32f103xb.o
                0x08004be4                Default_Handler
 *fill*         0x08004be6        0x2 
 .text.__errno  0x08004be8        0xc d:/systemworkbench/plugins/fr.ac6.mcu.externaltools.arm-none.win32_1.17.0.201812190825/tools/compiler/bin/../lib/gcc/arm-none-eabi/7.3.1/../../../../arm-none-eabi/lib/thumb/v7-m\libc.a(lib_a-errno.o)
                0x08004be8                __errno
 .text.__libc_init_array
                0x08004bf4       0x48 d:/systemworkbench/plugins/fr.ac6.mcu.externaltools.arm-none.win32_1.17.0.201812190825/tools/compiler/bin/../lib/gcc/arm-none-eabi/7.3.1/../../../../arm-none-eabi/lib/thumb/v7-m\libc.a(lib_a-init.o)
                0x08004bf4                __libc_init_array
 .text.__itoa   0x08004c3c       0x3c d:/systemworkbench/plugins/fr.ac6.mcu.externaltools.arm-none.win32_1.17.0.201812190825/tools/compiler/bin/../lib/gcc/arm-none-eabi/7.3.1/../../../../arm-none-eabi/lib/thumb/v7-m\libc.a(lib_a-itoa.o)
                0x08004c3c                __itoa
 .text.itoa     0x08004c78        0x4 d:/systemworkbench/plugins/fr.ac6.mcu.externaltools.arm-none.win32_1.17.0.201812190825/tools/compiler/bin/../lib/gcc/arm-none-eabi/7.3.1/../../../../arm-none-eabi/lib/thumb/v7-m\libc.a(lib_a-itoa.o)
                0x08004c78                itoa
 .text.malloc   0x08004c7c       0x10 d:/systemworkbench/plugins/fr.ac6.mcu.externaltools.arm-none.win32_1.17.0.201812190825/tools/compiler/bin/../lib/gcc/arm-none-eabi/7.3.1/../../../../arm-none-eabi/lib/thumb/v7-m\libc.a(lib_a-malloc.o)
                0x08004c7c                malloc
 .text._malloc_r
                0x08004c8c      0x524 d:/systemworkbench/plugins/fr.ac6.mcu.externaltools.arm-none.win32_1.17.0.201812190825/tools/compiler/bin/../lib/gcc/arm-none-eabi/7.3.1/../../../../arm-none-eabi/lib/thumb/v7-m\libc.a(lib_a-mallocr.o)
                0x08004c8c                _malloc_r
 .text.memset   0x080051b0       0x94 d:/systemworkbench/plugins/fr.ac6.mcu.externaltools.arm-none.win32_1.17.0.201812190825/tools/compiler/bin/../lib/gcc/arm-none-eabi/7.3.1/../../../../arm-none-eabi/lib/thumb/v7-m\libc.a(lib_a-memset.o)
                0x080051b0                memset
 .text.__malloc_lock
                0x08005244        0xc d:/systemworkbench/plugins/fr.ac6.mcu.externaltools.arm-none.win32_1.17.0.201812190825/tools/compiler/bin/../lib/gcc/arm-none-eabi/7.3.1/../../../../arm-none-eabi/lib/thumb/v7-m\libc.a(lib_a-mlock.o)
                0x08005244                __malloc_lock
 .text.__malloc_unlock
                0x08005250        0xc d:/systemworkbench/plugins/fr.ac6.mcu.externaltools.arm-none.win32_1.17.0.201812190825/tools/compiler/bin/../lib/gcc/arm-none-eabi/7.3.1/../../../../arm-none-eabi/lib/thumb/v7-m\libc.a(lib_a-mlock.o)
                0x08005250                __malloc_unlock
 .text.printf   0x0800525c       0x28 d:/systemworkbench/plugins/fr.ac6.mcu.externaltools.arm-none.win32_1.17.0.201812190825/tools/compiler/bin/../lib/gcc/arm-none-eabi/7.3.1/../../../../arm-none-eabi/lib/thumb/v7-m\libc.a(lib_a-printf.o)
                0x0800525c                printf
 .text.setvbuf  0x08005284      0x180 d:/systemworkbench/plugins/fr.ac6.mcu.externaltools.arm-none.win32_1.17.0.201812190825/tools/compiler/bin/../lib/gcc/arm-none-eabi/7.3.1/../../../../arm-none-eabi/lib/thumb/v7-m\libc.a(lib_a-setvbuf.o)
                0x08005284                setvbuf
 .text.strlen   0x08005404       0x5c d:/systemworkbench/plugins/fr.ac6.mcu.externaltools.arm-none.win32_1.17.0.201812190825/tools/compiler/bin/../lib/gcc/arm-none-eabi/7.3.1/../../../../arm-none-eabi/lib/thumb/v7-m\libc.a(lib_a-strlen-stub.o)
                0x08005404                strlen
 .text.__utoa   0x08005460       0x80 d:/systemworkbench/plugins/fr.ac6.mcu.externaltools.arm-none.win32_1.17.0.201812190825/tools/compiler/bin/../lib/gcc/arm-none-eabi/7.3.1/../../../../arm-none-eabi/lib/thumb/v7-m\libc.a(lib_a-utoa.o)
                0x08005460                __utoa
 .text._vfprintf_r
                0x080054e0     0x1ac0 d:/systemworkbench/plugins/fr.ac6.mcu.externaltools.arm-none.win32_1.17.0.201812190825/tools/compiler/bin/../lib/gcc/arm-none-eabi/7.3.1/../../../../arm-none-eabi/lib/thumb/v7-m\libc.a(lib_a-vfprintf.o)
                0x080054e0                _vfprintf_r
 .text.__sbprintf
                0x08006fa0       0x88 d:/systemworkbench/plugins/fr.ac6.mcu.externaltools.arm-none.win32_1.17.0.201812190825/tools/compiler/bin/../lib/gcc/arm-none-eabi/7.3.1/../../../../arm-none-eabi/lib/thumb/v7-m\libc.a(lib_a-vfprintf.o)
 .text._vsnprintf_r
                0x08007028       0x6c d:/systemworkbench/plugins/fr.ac6.mcu.externaltools.arm-none.win32_1.17.0.201812190825/tools/compiler/bin/../lib/gcc/arm-none-eabi/7.3.1/../../../../arm-none-eabi/lib/thumb/v7-m\libc.a(lib_a-vsnprintf.o)
                0x08007028                _vsnprintf_r
 .text.vsnprintf
                0x08007094       0x20 d:/systemworkbench/plugins/fr.ac6.mcu.externaltools.arm-none.win32_1.17.0.201812190825/tools/compiler/bin/../lib/gcc/arm-none-eabi/7.3.1/../../../../arm-none-eabi/lib/thumb/v7-m\libc.a(lib_a-vsnprintf.o)
                0x08007094                vsnprintf
 .text.__swsetup_r
                0x080070b4       0xcc d:/systemworkbench/plugins/fr.ac6.mcu.externaltools.arm-none.win32_1.17.0.201812190825/tools/compiler/bin/../lib/gcc/arm-none-eabi/7.3.1/../../../../arm-none-eabi/lib/thumb/v7-m\libc.a(lib_a-wsetup.o)
                0x080070b4                __swsetup_r
 .text.startup.register_fini
                0x08007180       0x14 d:/systemworkbench/plugins/fr.ac6.mcu.externaltools.arm-none.win32_1.17.0.201812190825/tools/compiler/bin/../lib/gcc/arm-none-eabi/7.3.1/../../../../arm-none-eabi/lib/thumb/v7-m\libc.a(lib_a-__call_atexit.o)
 .text.atexit   0x08007194        0xc d:/systemworkbench/plugins/fr.ac6.mcu.externaltools.arm-none.win32_1.17.0.201812190825/tools/compiler/bin/../lib/gcc/arm-none-eabi/7.3.1/../../../../arm-none-eabi/lib/thumb/v7-m\libc.a(lib_a-atexit.o)
                0x08007194                atexit
 .text.quorem   0x080071a0      0x124 d:/systemworkbench/plugins/fr.ac6.mcu.externaltools.arm-none.win32_1.17.0.201812190825/tools/compiler/bin/../lib/gcc/arm-none-eabi/7.3.1/../../../../arm-none-eabi/lib/thumb/v7-m\libc.a(lib_a-dtoa.o)
 *fill*         0x080072c4        0x4 
 .text._dtoa_r  0x080072c8      0xe30 d:/systemworkbench/plugins/fr.ac6.mcu.externaltools.arm-none.win32_1.17.0.201812190825/tools/compiler/bin/../lib/gcc/arm-none-eabi/7.3.1/../../../../arm-none-eabi/lib/thumb/v7-m\libc.a(lib_a-dtoa.o)
                0x080072c8                _dtoa_r
 .text.__sflush_r
                0x080080f8      0x154 d:/systemworkbench/plugins/fr.ac6.mcu.externaltools.arm-none.win32_1.17.0.201812190825/tools/compiler/bin/../lib/gcc/arm-none-eabi/7.3.1/../../../../arm-none-eabi/lib/thumb/v7-m\libc.a(lib_a-fflush.o)
                0x080080f8                __sflush_r
 .text._fflush_r
                0x0800824c       0x5c d:/systemworkbench/plugins/fr.ac6.mcu.externaltools.arm-none.win32_1.17.0.201812190825/tools/compiler/bin/../lib/gcc/arm-none-eabi/7.3.1/../../../../arm-none-eabi/lib/thumb/v7-m\libc.a(lib_a-fflush.o)
                0x0800824c                _fflush_r
 .text.std      0x080082a8       0x50 d:/systemworkbench/plugins/fr.ac6.mcu.externaltools.arm-none.win32_1.17.0.201812190825/tools/compiler/bin/../lib/gcc/arm-none-eabi/7.3.1/../../../../arm-none-eabi/lib/thumb/v7-m\libc.a(lib_a-findfp.o)
 .text._cleanup_r
                0x080082f8        0xc d:/systemworkbench/plugins/fr.ac6.mcu.externaltools.arm-none.win32_1.17.0.201812190825/tools/compiler/bin/../lib/gcc/arm-none-eabi/7.3.1/../../../../arm-none-eabi/lib/thumb/v7-m\libc.a(lib_a-findfp.o)
                0x080082f8                _cleanup_r
 .text.__sinit  0x08008304       0x60 d:/systemworkbench/plugins/fr.ac6.mcu.externaltools.arm-none.win32_1.17.0.201812190825/tools/compiler/bin/../lib/gcc/arm-none-eabi/7.3.1/../../../../arm-none-eabi/lib/thumb/v7-m\libc.a(lib_a-findfp.o)
                0x08008304                __sinit
 .text.__sfp_lock_acquire
                0x08008364        0xc d:/systemworkbench/plugins/fr.ac6.mcu.externaltools.arm-none.win32_1.17.0.201812190825/tools/compiler/bin/../lib/gcc/arm-none-eabi/7.3.1/../../../../arm-none-eabi/lib/thumb/v7-m\libc.a(lib_a-findfp.o)
                0x08008364                __sfp_lock_acquire
 .text.__sfp_lock_release
                0x08008370        0xc d:/systemworkbench/plugins/fr.ac6.mcu.externaltools.arm-none.win32_1.17.0.201812190825/tools/compiler/bin/../lib/gcc/arm-none-eabi/7.3.1/../../../../arm-none-eabi/lib/thumb/v7-m\libc.a(lib_a-findfp.o)
                0x08008370                __sfp_lock_release
 .text.__libc_fini_array
                0x0800837c       0x34 d:/systemworkbench/plugins/fr.ac6.mcu.externaltools.arm-none.win32_1.17.0.201812190825/tools/compiler/bin/../lib/gcc/arm-none-eabi/7.3.1/../../../../arm-none-eabi/lib/thumb/v7-m\libc.a(lib_a-fini.o)
                0x0800837c                __libc_fini_array
 .text._malloc_trim_r
                0x080083b0       0xa0 d:/systemworkbench/plugins/fr.ac6.mcu.externaltools.arm-none.win32_1.17.0.201812190825/tools/compiler/bin/../lib/gcc/arm-none-eabi/7.3.1/../../../../arm-none-eabi/lib/thumb/v7-m\libc.a(lib_a-freer.o)
                0x080083b0                _malloc_trim_r
 .text._free_r  0x08008450      0x1e8 d:/systemworkbench/plugins/fr.ac6.mcu.externaltools.arm-none.win32_1.17.0.201812190825/tools/compiler/bin/../lib/gcc/arm-none-eabi/7.3.1/../../../../arm-none-eabi/lib/thumb/v7-m\libc.a(lib_a-freer.o)
                0x08008450                _free_r
 .text.__sfvwrite_r
                0x08008638      0x2f4 d:/systemworkbench/plugins/fr.ac6.mcu.externaltools.arm-none.win32_1.17.0.201812190825/tools/compiler/bin/../lib/gcc/arm-none-eabi/7.3.1/../../../../arm-none-eabi/lib/thumb/v7-m\libc.a(lib_a-fvwrite.o)
                0x08008638                __sfvwrite_r
 .text._fwalk_reent
                0x0800892c       0x50 d:/systemworkbench/plugins/fr.ac6.mcu.externaltools.arm-none.win32_1.17.0.201812190825/tools/compiler/bin/../lib/gcc/arm-none-eabi/7.3.1/../../../../arm-none-eabi/lib/thumb/v7-m\libc.a(lib_a-fwalk.o)
                0x0800892c                _fwalk_reent
 .text._localeconv_r
                0x0800897c       0x1c d:/systemworkbench/plugins/fr.ac6.mcu.externaltools.arm-none.win32_1.17.0.201812190825/tools/compiler/bin/../lib/gcc/arm-none-eabi/7.3.1/../../../../arm-none-eabi/lib/thumb/v7-m\libc.a(lib_a-localeconv.o)
                0x0800897c                _localeconv_r
 .text.__retarget_lock_init_recursive
                0x08008998        0x4 d:/systemworkbench/plugins/fr.ac6.mcu.externaltools.arm-none.win32_1.17.0.201812190825/tools/compiler/bin/../lib/gcc/arm-none-eabi/7.3.1/../../../../arm-none-eabi/lib/thumb/v7-m\libc.a(lib_a-lock.o)
                0x08008998                __retarget_lock_init_recursive
 .text.__retarget_lock_close_recursive
                0x0800899c        0x4 d:/systemworkbench/plugins/fr.ac6.mcu.externaltools.arm-none.win32_1.17.0.201812190825/tools/compiler/bin/../lib/gcc/arm-none-eabi/7.3.1/../../../../arm-none-eabi/lib/thumb/v7-m\libc.a(lib_a-lock.o)
                0x0800899c                __retarget_lock_close_recursive
 .text.__retarget_lock_acquire_recursive
                0x080089a0        0x4 d:/systemworkbench/plugins/fr.ac6.mcu.externaltools.arm-none.win32_1.17.0.201812190825/tools/compiler/bin/../lib/gcc/arm-none-eabi/7.3.1/../../../../arm-none-eabi/lib/thumb/v7-m\libc.a(lib_a-lock.o)
                0x080089a0                __retarget_lock_acquire_recursive
 .text.__retarget_lock_release_recursive
                0x080089a4        0x4 d:/systemworkbench/plugins/fr.ac6.mcu.externaltools.arm-none.win32_1.17.0.201812190825/tools/compiler/bin/../lib/gcc/arm-none-eabi/7.3.1/../../../../arm-none-eabi/lib/thumb/v7-m\libc.a(lib_a-lock.o)
                0x080089a4                __retarget_lock_release_recursive
 .text.__swhatbuf_r
                0x080089a8       0x5c d:/systemworkbench/plugins/fr.ac6.mcu.externaltools.arm-none.win32_1.17.0.201812190825/tools/compiler/bin/../lib/gcc/arm-none-eabi/7.3.1/../../../../arm-none-eabi/lib/thumb/v7-m\libc.a(lib_a-makebuf.o)
                0x080089a8                __swhatbuf_r
 .text.__smakebuf_r
                0x08008a04       0x94 d:/systemworkbench/plugins/fr.ac6.mcu.externaltools.arm-none.win32_1.17.0.201812190825/tools/compiler/bin/../lib/gcc/arm-none-eabi/7.3.1/../../../../arm-none-eabi/lib/thumb/v7-m\libc.a(lib_a-makebuf.o)
                0x08008a04                __smakebuf_r
 .text.memchr   0x08008a98       0x8c d:/systemworkbench/plugins/fr.ac6.mcu.externaltools.arm-none.win32_1.17.0.201812190825/tools/compiler/bin/../lib/gcc/arm-none-eabi/7.3.1/../../../../arm-none-eabi/lib/thumb/v7-m\libc.a(lib_a-memchr-stub.o)
                0x08008a98                memchr
 .text.memmove  0x08008b24       0xc4 d:/systemworkbench/plugins/fr.ac6.mcu.externaltools.arm-none.win32_1.17.0.201812190825/tools/compiler/bin/../lib/gcc/arm-none-eabi/7.3.1/../../../../arm-none-eabi/lib/thumb/v7-m\libc.a(lib_a-memmove.o)
                0x08008b24                memmove
 .text._Balloc  0x08008be8       0x4c d:/systemworkbench/plugins/fr.ac6.mcu.externaltools.arm-none.win32_1.17.0.201812190825/tools/compiler/bin/../lib/gcc/arm-none-eabi/7.3.1/../../../../arm-none-eabi/lib/thumb/v7-m\libc.a(lib_a-mprec.o)
                0x08008be8                _Balloc
 .text._Bfree   0x08008c34       0x14 d:/systemworkbench/plugins/fr.ac6.mcu.externaltools.arm-none.win32_1.17.0.201812190825/tools/compiler/bin/../lib/gcc/arm-none-eabi/7.3.1/../../../../arm-none-eabi/lib/thumb/v7-m\libc.a(lib_a-mprec.o)
                0x08008c34                _Bfree
 .text.__multadd
                0x08008c48       0x84 d:/systemworkbench/plugins/fr.ac6.mcu.externaltools.arm-none.win32_1.17.0.201812190825/tools/compiler/bin/../lib/gcc/arm-none-eabi/7.3.1/../../../../arm-none-eabi/lib/thumb/v7-m\libc.a(lib_a-mprec.o)
                0x08008c48                __multadd
 .text.__hi0bits
                0x08008ccc       0x40 d:/systemworkbench/plugins/fr.ac6.mcu.externaltools.arm-none.win32_1.17.0.201812190825/tools/compiler/bin/../lib/gcc/arm-none-eabi/7.3.1/../../../../arm-none-eabi/lib/thumb/v7-m\libc.a(lib_a-mprec.o)
                0x08008ccc                __hi0bits
 .text.__lo0bits
                0x08008d0c       0x60 d:/systemworkbench/plugins/fr.ac6.mcu.externaltools.arm-none.win32_1.17.0.201812190825/tools/compiler/bin/../lib/gcc/arm-none-eabi/7.3.1/../../../../arm-none-eabi/lib/thumb/v7-m\libc.a(lib_a-mprec.o)
                0x08008d0c                __lo0bits
 .text.__i2b    0x08008d6c       0x14 d:/systemworkbench/plugins/fr.ac6.mcu.externaltools.arm-none.win32_1.17.0.201812190825/tools/compiler/bin/../lib/gcc/arm-none-eabi/7.3.1/../../../../arm-none-eabi/lib/thumb/v7-m\libc.a(lib_a-mprec.o)
                0x08008d6c                __i2b
 .text.__multiply
                0x08008d80      0x14c d:/systemworkbench/plugins/fr.ac6.mcu.externaltools.arm-none.win32_1.17.0.201812190825/tools/compiler/bin/../lib/gcc/arm-none-eabi/7.3.1/../../../../arm-none-eabi/lib/thumb/v7-m\libc.a(lib_a-mprec.o)
                0x08008d80                __multiply
 .text.__pow5mult
                0x08008ecc       0xa0 d:/systemworkbench/plugins/fr.ac6.mcu.externaltools.arm-none.win32_1.17.0.201812190825/tools/compiler/bin/../lib/gcc/arm-none-eabi/7.3.1/../../../../arm-none-eabi/lib/thumb/v7-m\libc.a(lib_a-mprec.o)
                0x08008ecc                __pow5mult
 .text.__lshift
                0x08008f6c       0xb4 d:/systemworkbench/plugins/fr.ac6.mcu.externaltools.arm-none.win32_1.17.0.201812190825/tools/compiler/bin/../lib/gcc/arm-none-eabi/7.3.1/../../../../arm-none-eabi/lib/thumb/v7-m\libc.a(lib_a-mprec.o)
                0x08008f6c                __lshift
 .text.__mcmp   0x08009020       0x38 d:/systemworkbench/plugins/fr.ac6.mcu.externaltools.arm-none.win32_1.17.0.201812190825/tools/compiler/bin/../lib/gcc/arm-none-eabi/7.3.1/../../../../arm-none-eabi/lib/thumb/v7-m\libc.a(lib_a-mprec.o)
                0x08009020                __mcmp
 .text.__mdiff  0x08009058      0x100 d:/systemworkbench/plugins/fr.ac6.mcu.externaltools.arm-none.win32_1.17.0.201812190825/tools/compiler/bin/../lib/gcc/arm-none-eabi/7.3.1/../../../../arm-none-eabi/lib/thumb/v7-m\libc.a(lib_a-mprec.o)
                0x08009058                __mdiff
 .text.__d2b    0x08009158       0xb0 d:/systemworkbench/plugins/fr.ac6.mcu.externaltools.arm-none.win32_1.17.0.201812190825/tools/compiler/bin/../lib/gcc/arm-none-eabi/7.3.1/../../../../arm-none-eabi/lib/thumb/v7-m\libc.a(lib_a-mprec.o)
                0x08009158                __d2b
 .text._realloc_r
                0x08009208      0x374 d:/systemworkbench/plugins/fr.ac6.mcu.externaltools.arm-none.win32_1.17.0.201812190825/tools/compiler/bin/../lib/gcc/arm-none-eabi/7.3.1/../../../../arm-none-eabi/lib/thumb/v7-m\libc.a(lib_a-reallocr.o)
                0x08009208                _realloc_r
 .text.frexp    0x0800957c       0x64 d:/systemworkbench/plugins/fr.ac6.mcu.externaltools.arm-none.win32_1.17.0.201812190825/tools/compiler/bin/../lib/gcc/arm-none-eabi/7.3.1/../../../../arm-none-eabi/lib/thumb/v7-m\libc.a(lib_a-s_frexp.o)
                0x0800957c                frexp
 .text.__sread  0x080095e0       0x24 d:/systemworkbench/plugins/fr.ac6.mcu.externaltools.arm-none.win32_1.17.0.201812190825/tools/compiler/bin/../lib/gcc/arm-none-eabi/7.3.1/../../../../arm-none-eabi/lib/thumb/v7-m\libc.a(lib_a-stdio.o)
                0x080095e0                __sread
 .text.__swrite
                0x08009604       0x3c d:/systemworkbench/plugins/fr.ac6.mcu.externaltools.arm-none.win32_1.17.0.201812190825/tools/compiler/bin/../lib/gcc/arm-none-eabi/7.3.1/../../../../arm-none-eabi/lib/thumb/v7-m\libc.a(lib_a-stdio.o)
                0x08009604                __swrite
 .text.__sseek  0x08009640       0x20 d:/systemworkbench/plugins/fr.ac6.mcu.externaltools.arm-none.win32_1.17.0.201812190825/tools/compiler/bin/../lib/gcc/arm-none-eabi/7.3.1/../../../../arm-none-eabi/lib/thumb/v7-m\libc.a(lib_a-stdio.o)
                0x08009640                __sseek
 .text.__sclose
                0x08009660        0x8 d:/systemworkbench/plugins/fr.ac6.mcu.externaltools.arm-none.win32_1.17.0.201812190825/tools/compiler/bin/../lib/gcc/arm-none-eabi/7.3.1/../../../../arm-none-eabi/lib/thumb/v7-m\libc.a(lib_a-stdio.o)
                0x08009660                __sclose
 .text.strncpy  0x08009668       0x64 d:/systemworkbench/plugins/fr.ac6.mcu.externaltools.arm-none.win32_1.17.0.201812190825/tools/compiler/bin/../lib/gcc/arm-none-eabi/7.3.1/../../../../arm-none-eabi/lib/thumb/v7-m\libc.a(lib_a-strncpy.o)
                0x08009668                strncpy
 .text._svfprintf_r
                0x080096cc     0x1a04 d:/systemworkbench/plugins/fr.ac6.mcu.externaltools.arm-none.win32_1.17.0.201812190825/tools/compiler/bin/../lib/gcc/arm-none-eabi/7.3.1/../../../../arm-none-eabi/lib/thumb/v7-m\libc.a(lib_a-svfprintf.o)
                0x080096cc                _svfprintf_r
 .text.__sprint_r.part.0
                0x0800b0d0       0x78 d:/systemworkbench/plugins/fr.ac6.mcu.externaltools.arm-none.win32_1.17.0.201812190825/tools/compiler/bin/../lib/gcc/arm-none-eabi/7.3.1/../../../../arm-none-eabi/lib/thumb/v7-m\libc.a(lib_a-vfiprintf.o)
 .text.__sprint_r
                0x0800b148       0x14 d:/systemworkbench/plugins/fr.ac6.mcu.externaltools.arm-none.win32_1.17.0.201812190825/tools/compiler/bin/../lib/gcc/arm-none-eabi/7.3.1/../../../../arm-none-eabi/lib/thumb/v7-m\libc.a(lib_a-vfiprintf.o)
                0x0800b148                __sprint_r
 .text.__swbuf_r
                0x0800b15c       0xb0 d:/systemworkbench/plugins/fr.ac6.mcu.externaltools.arm-none.win32_1.17.0.201812190825/tools/compiler/bin/../lib/gcc/arm-none-eabi/7.3.1/../../../../arm-none-eabi/lib/thumb/v7-m\libc.a(lib_a-wbuf.o)
                0x0800b15c                __swbuf_r
 .text._write_r
                0x0800b20c       0x2c d:/systemworkbench/plugins/fr.ac6.mcu.externaltools.arm-none.win32_1.17.0.201812190825/tools/compiler/bin/../lib/gcc/arm-none-eabi/7.3.1/../../../../arm-none-eabi/lib/thumb/v7-m\libc.a(lib_a-writer.o)
                0x0800b20c                _write_r
 .text.__register_exitproc
                0x0800b238       0xc0 d:/systemworkbench/plugins/fr.ac6.mcu.externaltools.arm-none.win32_1.17.0.201812190825/tools/compiler/bin/../lib/gcc/arm-none-eabi/7.3.1/../../../../arm-none-eabi/lib/thumb/v7-m\libc.a(lib_a-__atexit.o)
                0x0800b238                __register_exitproc
 .text._calloc_r
                0x0800b2f8       0x6c d:/systemworkbench/plugins/fr.ac6.mcu.externaltools.arm-none.win32_1.17.0.201812190825/tools/compiler/bin/../lib/gcc/arm-none-eabi/7.3.1/../../../../arm-none-eabi/lib/thumb/v7-m\libc.a(lib_a-callocr.o)
                0x0800b2f8                _calloc_r
 .text._close_r
                0x0800b364       0x24 d:/systemworkbench/plugins/fr.ac6.mcu.externaltools.arm-none.win32_1.17.0.201812190825/tools/compiler/bin/../lib/gcc/arm-none-eabi/7.3.1/../../../../arm-none-eabi/lib/thumb/v7-m\libc.a(lib_a-closer.o)
                0x0800b364                _close_r
 .text._fclose_r
                0x0800b388       0xd0 d:/systemworkbench/plugins/fr.ac6.mcu.externaltools.arm-none.win32_1.17.0.201812190825/tools/compiler/bin/../lib/gcc/arm-none-eabi/7.3.1/../../../../arm-none-eabi/lib/thumb/v7-m\libc.a(lib_a-fclose.o)
                0x0800b388                _fclose_r
 .text.__fputwc
                0x0800b458       0x94 d:/systemworkbench/plugins/fr.ac6.mcu.externaltools.arm-none.win32_1.17.0.201812190825/tools/compiler/bin/../lib/gcc/arm-none-eabi/7.3.1/../../../../arm-none-eabi/lib/thumb/v7-m\libc.a(lib_a-fputwc.o)
                0x0800b458                __fputwc
 .text._fputwc_r
                0x0800b4ec       0x64 d:/systemworkbench/plugins/fr.ac6.mcu.externaltools.arm-none.win32_1.17.0.201812190825/tools/compiler/bin/../lib/gcc/arm-none-eabi/7.3.1/../../../../arm-none-eabi/lib/thumb/v7-m\libc.a(lib_a-fputwc.o)
                0x0800b4ec                _fputwc_r
 .text._fstat_r
                0x0800b550       0x28 d:/systemworkbench/plugins/fr.ac6.mcu.externaltools.arm-none.win32_1.17.0.201812190825/tools/compiler/bin/../lib/gcc/arm-none-eabi/7.3.1/../../../../arm-none-eabi/lib/thumb/v7-m\libc.a(lib_a-fstatr.o)
                0x0800b550                _fstat_r
 .text._isatty_r
                0x0800b578       0x24 d:/systemworkbench/plugins/fr.ac6.mcu.externaltools.arm-none.win32_1.17.0.201812190825/tools/compiler/bin/../lib/gcc/arm-none-eabi/7.3.1/../../../../arm-none-eabi/lib/thumb/v7-m\libc.a(lib_a-isattyr.o)
                0x0800b578                _isatty_r
 .text.__locale_mb_cur_max
                0x0800b59c       0x1c d:/systemworkbench/plugins/fr.ac6.mcu.externaltools.arm-none.win32_1.17.0.201812190825/tools/compiler/bin/../lib/gcc/arm-none-eabi/7.3.1/../../../../arm-none-eabi/lib/thumb/v7-m\libc.a(lib_a-locale.o)
                0x0800b59c                __locale_mb_cur_max
 .text._lseek_r
                0x0800b5b8       0x2c d:/systemworkbench/plugins/fr.ac6.mcu.externaltools.arm-none.win32_1.17.0.201812190825/tools/compiler/bin/../lib/gcc/arm-none-eabi/7.3.1/../../../../arm-none-eabi/lib/thumb/v7-m\libc.a(lib_a-lseekr.o)
                0x0800b5b8                _lseek_r
 .text.__ascii_mbtowc
                0x0800b5e4       0x2c d:/systemworkbench/plugins/fr.ac6.mcu.externaltools.arm-none.win32_1.17.0.201812190825/tools/compiler/bin/../lib/gcc/arm-none-eabi/7.3.1/../../../../arm-none-eabi/lib/thumb/v7-m\libc.a(lib_a-mbtowc_r.o)
                0x0800b5e4                __ascii_mbtowc
 .text._read_r  0x0800b610       0x2c d:/systemworkbench/plugins/fr.ac6.mcu.externaltools.arm-none.win32_1.17.0.201812190825/tools/compiler/bin/../lib/gcc/arm-none-eabi/7.3.1/../../../../arm-none-eabi/lib/thumb/v7-m\libc.a(lib_a-readr.o)
                0x0800b610                _read_r
 .text.__ssprint_r
                0x0800b63c       0xf4 d:/systemworkbench/plugins/fr.ac6.mcu.externaltools.arm-none.win32_1.17.0.201812190825/tools/compiler/bin/../lib/gcc/arm-none-eabi/7.3.1/../../../../arm-none-eabi/lib/thumb/v7-m\libc.a(lib_a-svfiprintf.o)
                0x0800b63c                __ssprint_r
 .text._wcrtomb_r
                0x0800b730       0x54 d:/systemworkbench/plugins/fr.ac6.mcu.externaltools.arm-none.win32_1.17.0.201812190825/tools/compiler/bin/../lib/gcc/arm-none-eabi/7.3.1/../../../../arm-none-eabi/lib/thumb/v7-m\libc.a(lib_a-wcrtomb.o)
                0x0800b730                _wcrtomb_r
 .text.__ascii_wctomb
                0x0800b784       0x18 d:/systemworkbench/plugins/fr.ac6.mcu.externaltools.arm-none.win32_1.17.0.201812190825/tools/compiler/bin/../lib/gcc/arm-none-eabi/7.3.1/../../../../arm-none-eabi/lib/thumb/v7-m\libc.a(lib_a-wctomb_r.o)
                0x0800b784                __ascii_wctomb
 *(.glue_7)
 .glue_7        0x0800b79c        0x0 linker stubs
 *(.glue_7t)
 .glue_7t       0x0800b79c        0x0 linker stubs
 *(.eh_frame)
 .eh_frame      0x0800b79c        0x0 d:/systemworkbench/plugins/fr.ac6.mcu.externaltools.arm-none.win32_1.17.0.201812190825/tools/compiler/bin/../lib/gcc/arm-none-eabi/7.3.1/thumb/v7-m/crtbegin.o
 *(.init)
 .init          0x0800b79c        0x4 d:/systemworkbench/plugins/fr.ac6.mcu.externaltools.arm-none.win32_1.17.0.201812190825/tools/compiler/bin/../lib/gcc/arm-none-eabi/7.3.1/thumb/v7-m/crti.o
                0x0800b79c                _init
 .init          0x0800b7a0        0x8 d:/systemworkbench/plugins/fr.ac6.mcu.externaltools.arm-none.win32_1.17.0.201812190825/tools/compiler/bin/../lib/gcc/arm-none-eabi/7.3.1/thumb/v7-m/crtn.o
 *(.fini)
 .fini          0x0800b7a8        0x4 d:/systemworkbench/plugins/fr.ac6.mcu.externaltools.arm-none.win32_1.17.0.201812190825/tools/compiler/bin/../lib/gcc/arm-none-eabi/7.3.1/thumb/v7-m/crti.o
                0x0800b7a8                _fini
 .fini          0x0800b7ac        0x8 d:/systemworkbench/plugins/fr.ac6.mcu.externaltools.arm-none.win32_1.17.0.201812190825/tools/compiler/bin/../lib/gcc/arm-none-eabi/7.3.1/thumb/v7-m/crtn.o
                0x0800b7b4                . = ALIGN (0x4)
                0x0800b7b4                _etext = .

.vfp11_veneer   0x0800b7b4        0x0
 .vfp11_veneer  0x0800b7b4        0x0 linker stubs

.v4_bx          0x0800b7b4        0x0
 .v4_bx         0x0800b7b4        0x0 linker stubs

.iplt           0x0800b7b4        0x0
 .iplt          0x0800b7b4        0x0 d:/systemworkbench/plugins/fr.ac6.mcu.externaltools.arm-none.win32_1.17.0.201812190825/tools/compiler/bin/../lib/gcc/arm-none-eabi/7.3.1/thumb/v7-m/crtbegin.o

.rodata         0x0800b7b8     0x1518
                0x0800b7b8                . = ALIGN (0x4)
 *(.rodata)
 .rodata        0x0800b7b8       0x12 lib/hal/src/stm32f1xx_hal_rcc.o
 *(.rodata*)
 *fill*         0x0800b7ca        0x2 
 .rodata.displayLeftPart.str1.4
                0x0800b7cc       0x26 appli/main.o
 *fill*         0x0800b7f2        0x2 
 .rodata.displayRightPart.str1.4
                0x0800b7f4       0x47 appli/main.o
 *fill*         0x0800b83b        0x1 
 .rodata.gameTimed.str1.4
                0x0800b83c        0x3 appli/main.o
 *fill*         0x0800b83f        0x1 
 .rodata.setGameStatus.str1.4
                0x0800b840        0x2 appli/main.o
 *fill*         0x0800b842        0x2 
 .rodata.ADC_getValue.str1.4
                0x0800b844       0x59 lib/bsp/stm32f1_adc.o
 *fill*         0x0800b89d        0x3 
 .rodata.SPI_Init.str1.4
                0x0800b8a0       0x59 lib/bsp/stm32f1_spi.o
 *fill*         0x0800b8f9        0x3 
 .rodata.DebugMon_Handler.str1.4
                0x0800b8fc       0x19 lib/bsp/stm32f1_sys.o
 *fill*         0x0800b915        0x3 
 .rodata.NMI_Handler.str1.4
                0x0800b918       0x14 lib/bsp/stm32f1_sys.o
 .rodata.PendSV_Handler.str1.4
                0x0800b92c       0x26 lib/bsp/stm32f1_sys.o
 .rodata.SVC_Handler.str1.4
                0x0800b952       0x26 lib/bsp/stm32f1_sys.o
                                 0x1e (size before relaxing)
 *fill*         0x0800b952        0x2 
 .rodata.dump_trap_info.str1.4
                0x0800b954      0x126 lib/bsp/stm32f1_sys.o
                                0x12a (size before relaxing)
 *fill*         0x0800ba7a        0x2 
 .rodata.instance_array
                0x0800ba7c       0x10 lib/bsp/stm32f1_timer.o
 .rodata.nvic_irq_array
                0x0800ba8c        0x4 lib/bsp/stm32f1_timer.o
 .rodata.UART_init.str1.4
                0x0800ba90       0x61 lib/bsp/stm32f1_uart.o
 *fill*         0x0800baf1        0x3 
 .rodata.instance_array
                0x0800baf4        0xc lib/bsp/stm32f1_uart.o
 .rodata.nvic_irq_array
                0x0800bb00        0x3 lib/bsp/stm32f1_uart.o
 *fill*         0x0800bb03        0x1 
 .rodata.ADC1_2_IRQHandler.str1.4
                0x0800bb04        0x7 lib/bsp/stm32f1_weak_it.o
 *fill*         0x0800bb0b        0x1 
 .rodata.CAN1_RX1_IRQHandler.str1.4
                0x0800bb0c        0x9 lib/bsp/stm32f1_weak_it.o
 *fill*         0x0800bb15        0x3 
 .rodata.CAN1_SCE_IRQHandler.str1.4
                0x0800bb18        0x9 lib/bsp/stm32f1_weak_it.o
 *fill*         0x0800bb21        0x3 
 .rodata.DMA1_Channel2_IRQHandler.str1.4
                0x0800bb24        0xe lib/bsp/stm32f1_weak_it.o
 *fill*         0x0800bb32        0x2 
 .rodata.DMA1_Channel3_IRQHandler.str1.4
                0x0800bb34        0xe lib/bsp/stm32f1_weak_it.o
 *fill*         0x0800bb42        0x2 
 .rodata.DMA1_Channel4_IRQHandler.str1.4
                0x0800bb44        0xe lib/bsp/stm32f1_weak_it.o
 *fill*         0x0800bb52        0x2 
 .rodata.DMA1_Channel5_IRQHandler.str1.4
                0x0800bb54        0xe lib/bsp/stm32f1_weak_it.o
 *fill*         0x0800bb62        0x2 
 .rodata.DMA1_Channel6_IRQHandler.str1.4
                0x0800bb64        0xe lib/bsp/stm32f1_weak_it.o
 *fill*         0x0800bb72        0x2 
 .rodata.DMA1_Channel7_IRQHandler.str1.4
                0x0800bb74        0xe lib/bsp/stm32f1_weak_it.o
 *fill*         0x0800bb82        0x2 
 .rodata.EXTI0_IRQHandler.str1.4
                0x0800bb84        0x6 lib/bsp/stm32f1_weak_it.o
 *fill*         0x0800bb8a        0x2 
 .rodata.EXTI15_10_IRQHandler.str1.4
                0x0800bb8c        0xa lib/bsp/stm32f1_weak_it.o
 *fill*         0x0800bb96        0x2 
 .rodata.EXTI1_IRQHandler.str1.4
                0x0800bb98        0x6 lib/bsp/stm32f1_weak_it.o
 *fill*         0x0800bb9e        0x2 
 .rodata.EXTI2_IRQHandler.str1.4
                0x0800bba0        0x6 lib/bsp/stm32f1_weak_it.o
 *fill*         0x0800bba6        0x2 
 .rodata.EXTI3_IRQHandler.str1.4
                0x0800bba8        0x6 lib/bsp/stm32f1_weak_it.o
 *fill*         0x0800bbae        0x2 
 .rodata.EXTI4_IRQHandler.str1.4
                0x0800bbb0        0x6 lib/bsp/stm32f1_weak_it.o
 *fill*         0x0800bbb6        0x2 
 .rodata.EXTI9_5_IRQHandler.str1.4
                0x0800bbb8        0x8 lib/bsp/stm32f1_weak_it.o
 .rodata.FLASH_IRQHandler.str1.4
                0x0800bbc0        0x6 lib/bsp/stm32f1_weak_it.o
 *fill*         0x0800bbc6        0x2 
 .rodata.I2C1_ER_IRQHandler.str1.4
                0x0800bbc8        0x8 lib/bsp/stm32f1_weak_it.o
 .rodata.I2C1_EV_IRQHandler.str1.4
                0x0800bbd0        0x8 lib/bsp/stm32f1_weak_it.o
 .rodata.I2C2_ER_IRQHandler.str1.4
                0x0800bbd8        0x8 lib/bsp/stm32f1_weak_it.o
 .rodata.I2C2_EV_IRQHandler.str1.4
                0x0800bbe0        0x8 lib/bsp/stm32f1_weak_it.o
 .rodata.PVD_IRQHandler.str1.4
                0x0800bbe8        0x4 lib/bsp/stm32f1_weak_it.o
 .rodata.RCC_IRQHandler.str1.4
                0x0800bbec        0x4 lib/bsp/stm32f1_weak_it.o
 .rodata.RTC_Alarm_IRQHandler.str1.4
                0x0800bbf0        0xa lib/bsp/stm32f1_weak_it.o
 *fill*         0x0800bbfa        0x2 
 .rodata.RTC_IRQHandler.str1.4
                0x0800bbfc        0x4 lib/bsp/stm32f1_weak_it.o
 .rodata.SPI1_IRQHandler.str1.4
                0x0800bc00        0x5 lib/bsp/stm32f1_weak_it.o
 .rodata.SPI2_IRQHandler.str1.4
                0x0800bc05        0x5 lib/bsp/stm32f1_weak_it.o
 *fill*         0x0800bc05        0x3 
 .rodata.TAMPER_IRQHandler.str1.4
                0x0800bc08        0x7 lib/bsp/stm32f1_weak_it.o
 *fill*         0x0800bc0f        0x1 
 .rodata.TIM1_BRK_IRQHandler.str1.4
                0x0800bc10        0x9 lib/bsp/stm32f1_weak_it.o
 *fill*         0x0800bc19        0x3 
 .rodata.TIM1_CC_IRQHandler.str1.4
                0x0800bc1c        0x8 lib/bsp/stm32f1_weak_it.o
 .rodata.TIM1_TRG_COM_IRQHandler.str1.4
                0x0800bc24        0xd lib/bsp/stm32f1_weak_it.o
 *fill*         0x0800bc31        0x3 
 .rodata.USBWakeUp_IRQHandler.str1.4
                0x0800bc34        0xa lib/bsp/stm32f1_weak_it.o
 *fill*         0x0800bc3e        0x2 
 .rodata.USB_HP_CAN1_TX_IRQHandler.str1.4
                0x0800bc40        0xf lib/bsp/stm32f1_weak_it.o
 *fill*         0x0800bc4f        0x1 
 .rodata.USB_LP_CAN1_RX0_IRQHandler.str1.4
                0x0800bc50       0x10 lib/bsp/stm32f1_weak_it.o
 .rodata.WWDG_IRQHandler.str1.4
                0x0800bc60        0x5 lib/bsp/stm32f1_weak_it.o
 *fill*         0x0800bc65        0x3 
 .rodata.str1.4
                0x0800bc68       0x21 lib/bsp/stm32f1_weak_it.o
 *fill*         0x0800bc89        0x3 
 .rodata.AHBPrescTable
                0x0800bc8c       0x10 lib/bsp/system_stm32f1xx.o
                0x0800bc8c                AHBPrescTable
 .rodata.APBPrescTable
                0x0800bc9c        0x8 lib/bsp/system_stm32f1xx.o
                0x0800bc9c                APBPrescTable
 .rodata.Font11x18
                0x0800bca4      0xd5c lib/bsp/tft_ili9341/stm32f1_fonts.o
                0x0800bca4                Font11x18
 .rodata._global_impure_ptr
                0x0800ca00        0x4 d:/systemworkbench/plugins/fr.ac6.mcu.externaltools.arm-none.win32_1.17.0.201812190825/tools/compiler/bin/../lib/gcc/arm-none-eabi/7.3.1/../../../../arm-none-eabi/lib/thumb/v7-m\libc.a(lib_a-impure.o)
                0x0800ca00                _global_impure_ptr
 .rodata.__utoa.str1.4
                0x0800ca04       0x25 d:/systemworkbench/plugins/fr.ac6.mcu.externaltools.arm-none.win32_1.17.0.201812190825/tools/compiler/bin/../lib/gcc/arm-none-eabi/7.3.1/../../../../arm-none-eabi/lib/thumb/v7-m\libc.a(lib_a-utoa.o)
 *fill*         0x0800ca29        0x3 
 .rodata._vfprintf_r.str1.4
                0x0800ca2c       0x3f d:/systemworkbench/plugins/fr.ac6.mcu.externaltools.arm-none.win32_1.17.0.201812190825/tools/compiler/bin/../lib/gcc/arm-none-eabi/7.3.1/../../../../arm-none-eabi/lib/thumb/v7-m\libc.a(lib_a-vfprintf.o)
                                 0x42 (size before relaxing)
 *fill*         0x0800ca6b        0x1 
 .rodata.blanks.7330
                0x0800ca6c       0x10 d:/systemworkbench/plugins/fr.ac6.mcu.externaltools.arm-none.win32_1.17.0.201812190825/tools/compiler/bin/../lib/gcc/arm-none-eabi/7.3.1/../../../../arm-none-eabi/lib/thumb/v7-m\libc.a(lib_a-vfprintf.o)
 .rodata.zeroes.7331
                0x0800ca7c       0x10 d:/systemworkbench/plugins/fr.ac6.mcu.externaltools.arm-none.win32_1.17.0.201812190825/tools/compiler/bin/../lib/gcc/arm-none-eabi/7.3.1/../../../../arm-none-eabi/lib/thumb/v7-m\libc.a(lib_a-vfprintf.o)
 .rodata._dtoa_r.str1.4
                0x0800ca8c       0x10 d:/systemworkbench/plugins/fr.ac6.mcu.externaltools.arm-none.win32_1.17.0.201812190825/tools/compiler/bin/../lib/gcc/arm-none-eabi/7.3.1/../../../../arm-none-eabi/lib/thumb/v7-m\libc.a(lib_a-dtoa.o)
                                 0x12 (size before relaxing)
 *fill*         0x0800ca9c        0x4 
 .rodata.__mprec_bigtens
                0x0800caa0       0x28 d:/systemworkbench/plugins/fr.ac6.mcu.externaltools.arm-none.win32_1.17.0.201812190825/tools/compiler/bin/../lib/gcc/arm-none-eabi/7.3.1/../../../../arm-none-eabi/lib/thumb/v7-m\libc.a(lib_a-mprec.o)
                0x0800caa0                __mprec_bigtens
 .rodata.__mprec_tens
                0x0800cac8       0xc8 d:/systemworkbench/plugins/fr.ac6.mcu.externaltools.arm-none.win32_1.17.0.201812190825/tools/compiler/bin/../lib/gcc/arm-none-eabi/7.3.1/../../../../arm-none-eabi/lib/thumb/v7-m\libc.a(lib_a-mprec.o)
                0x0800cac8                __mprec_tens
 .rodata.p05.6092
                0x0800cb90        0xc d:/systemworkbench/plugins/fr.ac6.mcu.externaltools.arm-none.win32_1.17.0.201812190825/tools/compiler/bin/../lib/gcc/arm-none-eabi/7.3.1/../../../../arm-none-eabi/lib/thumb/v7-m\libc.a(lib_a-mprec.o)
 .rodata._svfprintf_r.str1.4
                0x0800cb9c       0x42 d:/systemworkbench/plugins/fr.ac6.mcu.externaltools.arm-none.win32_1.17.0.201812190825/tools/compiler/bin/../lib/gcc/arm-none-eabi/7.3.1/../../../../arm-none-eabi/lib/thumb/v7-m\libc.a(lib_a-svfprintf.o)
 .rodata.blanks.7315
                0x0800cb9c       0x10 d:/systemworkbench/plugins/fr.ac6.mcu.externaltools.arm-none.win32_1.17.0.201812190825/tools/compiler/bin/../lib/gcc/arm-none-eabi/7.3.1/../../../../arm-none-eabi/lib/thumb/v7-m\libc.a(lib_a-svfprintf.o)
 .rodata.zeroes.7316
                0x0800cbac       0x10 d:/systemworkbench/plugins/fr.ac6.mcu.externaltools.arm-none.win32_1.17.0.201812190825/tools/compiler/bin/../lib/gcc/arm-none-eabi/7.3.1/../../../../arm-none-eabi/lib/thumb/v7-m\libc.a(lib_a-svfprintf.o)
 .rodata._setlocale_r.str1.4
                0x0800cbbc        0xa d:/systemworkbench/plugins/fr.ac6.mcu.externaltools.arm-none.win32_1.17.0.201812190825/tools/compiler/bin/../lib/gcc/arm-none-eabi/7.3.1/../../../../arm-none-eabi/lib/thumb/v7-m\libc.a(lib_a-locale.o)
                                  0xd (size before relaxing)
 *fill*         0x0800cbc6        0x2 
 .rodata.str1.4
                0x0800cbc8        0x4 d:/systemworkbench/plugins/fr.ac6.mcu.externaltools.arm-none.win32_1.17.0.201812190825/tools/compiler/bin/../lib/gcc/arm-none-eabi/7.3.1/../../../../arm-none-eabi/lib/thumb/v7-m\libc.a(lib_a-locale.o)
                                  0x2 (size before relaxing)
 .rodata._ctype_
                0x0800cbcc      0x101 d:/systemworkbench/plugins/fr.ac6.mcu.externaltools.arm-none.win32_1.17.0.201812190825/tools/compiler/bin/../lib/gcc/arm-none-eabi/7.3.1/../../../../arm-none-eabi/lib/thumb/v7-m\libc.a(lib_a-ctype_.o)
                0x0800cbcc                _ctype_
                0x0800ccd0                . = ALIGN (0x4)
 *fill*         0x0800cccd        0x3 

.ARM.extab
 *(.ARM.extab* .gnu.linkonce.armextab.*)

.ARM            0x0800ccd0        0x8
                0x0800ccd0                __exidx_start = .
 *(.ARM.exidx*)
 .ARM.exidx     0x0800ccd0        0x8 d:/systemworkbench/plugins/fr.ac6.mcu.externaltools.arm-none.win32_1.17.0.201812190825/tools/compiler/bin/../lib/gcc/arm-none-eabi/7.3.1/thumb/v7-m\libgcc.a(_udivmoddi4.o)
                0x0800ccd8                __exidx_end = .

.rel.dyn        0x0800ccd8        0x0
 .rel.iplt      0x0800ccd8        0x0 d:/systemworkbench/plugins/fr.ac6.mcu.externaltools.arm-none.win32_1.17.0.201812190825/tools/compiler/bin/../lib/gcc/arm-none-eabi/7.3.1/thumb/v7-m/crtbegin.o

.preinit_array  0x0800ccd8        0x0
                0x0800ccd8                PROVIDE (__preinit_array_start = .)
 *(.preinit_array*)
                0x0800ccd8                PROVIDE (__preinit_array_end = .)

.init_array     0x0800ccd8        0x8
                0x0800ccd8                PROVIDE (__init_array_start = .)
 *(SORT_BY_NAME(.init_array.*))
 .init_array.00000
                0x0800ccd8        0x4 d:/systemworkbench/plugins/fr.ac6.mcu.externaltools.arm-none.win32_1.17.0.201812190825/tools/compiler/bin/../lib/gcc/arm-none-eabi/7.3.1/../../../../arm-none-eabi/lib/thumb/v7-m\libc.a(lib_a-__call_atexit.o)
 *(.init_array*)
 .init_array    0x0800ccdc        0x4 d:/systemworkbench/plugins/fr.ac6.mcu.externaltools.arm-none.win32_1.17.0.201812190825/tools/compiler/bin/../lib/gcc/arm-none-eabi/7.3.1/thumb/v7-m/crtbegin.o
                0x0800cce0                PROVIDE (__init_array_end = .)

.fini_array     0x0800cce0        0x4
                0x0800cce0                PROVIDE (__fini_array_start = .)
 *(SORT_BY_NAME(.fini_array.*))
 *(.fini_array*)
 .fini_array    0x0800cce0        0x4 d:/systemworkbench/plugins/fr.ac6.mcu.externaltools.arm-none.win32_1.17.0.201812190825/tools/compiler/bin/../lib/gcc/arm-none-eabi/7.3.1/thumb/v7-m/crtbegin.o
                0x0800cce4                PROVIDE (__fini_array_end = .)
                0x0800cce4                _sidata = LOADADDR (.data)

.data           0x20000000      0xa08 load address 0x0800cce4
                0x20000000                . = ALIGN (0x4)
                0x20000000                _sdata = .
 *(.data)
 *(.data*)
 .data.GAMEINWAIT
                0x20000000        0xd appli/main.o
                0x20000000                GAMEINWAIT
 *fill*         0x2000000d        0x3 
 .data.GAMELAUNCHED
                0x20000010        0xe appli/main.o
                0x20000010                GAMELAUNCHED
 *fill*         0x2000001e        0x2 
 .data.goal     0x20000020        0x4 appli/main.o
                0x20000020                goal
 .data.nonePlayer
                0x20000024        0xa appli/main.o
                0x20000024                nonePlayer
 *fill*         0x2000002e        0x2 
 .data.playerArray
                0x20000030        0xa appli/main.o
                0x20000030                playerArray
 *fill*         0x2000003a        0x2 
 .data.msg      0x2000003c        0x4 lib/bsp/stm32f1_weak_it.o
                0x2000003c                msg
 .data.SystemCoreClock
                0x20000040        0x4 lib/bsp/system_stm32f1xx.o
                0x20000040                SystemCoreClock
 .data.Font_11x18
                0x20000044        0xc lib/bsp/tft_ili9341/stm32f1_fonts.o
                0x20000044                Font_11x18
 .data.uwTickFreq
                0x20000050        0x1 lib/hal/src/stm32f1xx_hal.o
                0x20000050                uwTickFreq
 *fill*         0x20000051        0x3 
 .data.uwTickPrio
                0x20000054        0x4 lib/hal/src/stm32f1xx_hal.o
                0x20000054                uwTickPrio
 .data._impure_ptr
                0x20000058        0x4 d:/systemworkbench/plugins/fr.ac6.mcu.externaltools.arm-none.win32_1.17.0.201812190825/tools/compiler/bin/../lib/gcc/arm-none-eabi/7.3.1/../../../../arm-none-eabi/lib/thumb/v7-m\libc.a(lib_a-impure.o)
                0x20000058                _impure_ptr
 *fill*         0x2000005c        0x4 
 .data.impure_data
                0x20000060      0x428 d:/systemworkbench/plugins/fr.ac6.mcu.externaltools.arm-none.win32_1.17.0.201812190825/tools/compiler/bin/../lib/gcc/arm-none-eabi/7.3.1/../../../../arm-none-eabi/lib/thumb/v7-m\libc.a(lib_a-impure.o)
 .data.__malloc_av_
                0x20000488      0x408 d:/systemworkbench/plugins/fr.ac6.mcu.externaltools.arm-none.win32_1.17.0.201812190825/tools/compiler/bin/../lib/gcc/arm-none-eabi/7.3.1/../../../../arm-none-eabi/lib/thumb/v7-m\libc.a(lib_a-mallocr.o)
                0x20000488                __malloc_av_
 .data.__malloc_sbrk_base
                0x20000890        0x4 d:/systemworkbench/plugins/fr.ac6.mcu.externaltools.arm-none.win32_1.17.0.201812190825/tools/compiler/bin/../lib/gcc/arm-none-eabi/7.3.1/../../../../arm-none-eabi/lib/thumb/v7-m\libc.a(lib_a-mallocr.o)
                0x20000890                __malloc_sbrk_base
 .data.__malloc_trim_threshold
                0x20000894        0x4 d:/systemworkbench/plugins/fr.ac6.mcu.externaltools.arm-none.win32_1.17.0.201812190825/tools/compiler/bin/../lib/gcc/arm-none-eabi/7.3.1/../../../../arm-none-eabi/lib/thumb/v7-m\libc.a(lib_a-mallocr.o)
                0x20000894                __malloc_trim_threshold
 .data.__atexit_recursive_mutex
                0x20000898        0x4 d:/systemworkbench/plugins/fr.ac6.mcu.externaltools.arm-none.win32_1.17.0.201812190825/tools/compiler/bin/../lib/gcc/arm-none-eabi/7.3.1/../../../../arm-none-eabi/lib/thumb/v7-m\libc.a(lib_a-__call_atexit.o)
                0x20000898                __atexit_recursive_mutex
 .data.__global_locale
                0x2000089c      0x16c d:/systemworkbench/plugins/fr.ac6.mcu.externaltools.arm-none.win32_1.17.0.201812190825/tools/compiler/bin/../lib/gcc/arm-none-eabi/7.3.1/../../../../arm-none-eabi/lib/thumb/v7-m\libc.a(lib_a-locale.o)
                0x2000089c                __global_locale
                0x20000a08                . = ALIGN (0x4)
                0x20000a08                _edata = .

.igot.plt       0x20000a08        0x0 load address 0x0800d6ec
 .igot.plt      0x20000a08        0x0 d:/systemworkbench/plugins/fr.ac6.mcu.externaltools.arm-none.win32_1.17.0.201812190825/tools/compiler/bin/../lib/gcc/arm-none-eabi/7.3.1/thumb/v7-m/crtbegin.o
                0x20000a08                . = ALIGN (0x4)

.bss            0x20000a08      0x618 load address 0x0800d6ec
                0x20000a08                _sbss = .
                0x20000a08                __bss_start__ = _sbss
 *(.bss)
 .bss           0x20000a08       0x1c d:/systemworkbench/plugins/fr.ac6.mcu.externaltools.arm-none.win32_1.17.0.201812190825/tools/compiler/bin/../lib/gcc/arm-none-eabi/7.3.1/thumb/v7-m/crtbegin.o
 *(.bss*)
 .bss.isLaunch  0x20000a24        0x4 appli/main.o
                0x20000a24                isLaunch
 .bss.adc_converted_value
                0x20000a28       0x4c lib/bsp/stm32f1_adc.o
 .bss.adc_id    0x20000a74       0x13 lib/bsp/stm32f1_adc.o
 *fill*         0x20000a87        0x1 
 .bss.flag_new_sample_available
                0x20000a88        0x4 lib/bsp/stm32f1_adc.o
 .bss.hadc      0x20000a8c       0x30 lib/bsp/stm32f1_adc.o
 .bss.hdma      0x20000abc       0x44 lib/bsp/stm32f1_adc.o
 .bss.hSPI      0x20000b00       0xb0 lib/bsp/stm32f1_spi.o
 .bss.heap_end.8645
                0x20000bb0        0x4 lib/bsp/stm32f1_sys.o
 .bss.stderr_usart
                0x20000bb4        0x1 lib/bsp/stm32f1_sys.o
 .bss.stdin_usart
                0x20000bb5        0x1 lib/bsp/stm32f1_sys.o
 .bss.stdout_usart
                0x20000bb6        0x1 lib/bsp/stm32f1_sys.o
 *fill*         0x20000bb7        0x1 
 .bss.TIMER_HandleStructure
                0x20000bb8      0x100 lib/bsp/stm32f1_timer.o
 .bss.UART_HandleStructure
                0x20000cb8       0xc0 lib/bsp/stm32f1_uart.o
 .bss.buffer_rx
                0x20000d78      0x180 lib/bsp/stm32f1_uart.o
 .bss.buffer_rx_data_ready
                0x20000ef8        0xc lib/bsp/stm32f1_uart.o
 .bss.buffer_rx_read_index
                0x20000f04        0xc lib/bsp/stm32f1_uart.o
 .bss.buffer_rx_write_index
                0x20000f10        0x3 lib/bsp/stm32f1_uart.o
 *fill*         0x20000f13        0x1 
 .bss.uart_initialized
                0x20000f14        0xc lib/bsp/stm32f1_uart.o
 .bss.callback_functions
                0x20000f20       0x40 lib/bsp/systick.o
 .bss.initialized
                0x20000f60        0x4 lib/bsp/systick.o
 .bss.uCRCErrorWorkaroundCheck
                0x20000f64        0x1 lib/hal/src/stm32f1xx_hal_spi_ex.o
                0x20000f64                uCRCErrorWorkaroundCheck
 *fill*         0x20000f65        0x3 
 .bss.__malloc_current_mallinfo
                0x20000f68       0x28 d:/systemworkbench/plugins/fr.ac6.mcu.externaltools.arm-none.win32_1.17.0.201812190825/tools/compiler/bin/../lib/gcc/arm-none-eabi/7.3.1/../../../../arm-none-eabi/lib/thumb/v7-m\libc.a(lib_a-mallocr.o)
                0x20000f68                __malloc_current_mallinfo
 .bss.__malloc_max_sbrked_mem
                0x20000f90        0x4 d:/systemworkbench/plugins/fr.ac6.mcu.externaltools.arm-none.win32_1.17.0.201812190825/tools/compiler/bin/../lib/gcc/arm-none-eabi/7.3.1/../../../../arm-none-eabi/lib/thumb/v7-m\libc.a(lib_a-mallocr.o)
                0x20000f90                __malloc_max_sbrked_mem
 .bss.__malloc_max_total_mem
                0x20000f94        0x4 d:/systemworkbench/plugins/fr.ac6.mcu.externaltools.arm-none.win32_1.17.0.201812190825/tools/compiler/bin/../lib/gcc/arm-none-eabi/7.3.1/../../../../arm-none-eabi/lib/thumb/v7-m\libc.a(lib_a-mallocr.o)
                0x20000f94                __malloc_max_total_mem
 .bss.__malloc_top_pad
                0x20000f98        0x4 d:/systemworkbench/plugins/fr.ac6.mcu.externaltools.arm-none.win32_1.17.0.201812190825/tools/compiler/bin/../lib/gcc/arm-none-eabi/7.3.1/../../../../arm-none-eabi/lib/thumb/v7-m\libc.a(lib_a-mallocr.o)
                0x20000f98                __malloc_top_pad
 *(COMMON)
 COMMON         0x20000f9c       0x4a appli/main.o
                0x20000f9c                remain
                0x20000fa0                scoreArray
                0x20000fac                score
                0x20000fb0                goalArray
                0x20000fbc                level
                0x20000fc0                photoVal
                0x20000fc4                remainArray
                0x20000fd0                photoValArray
                0x20000fdc                levelArray
 *fill*         0x20000fe6        0x2 
 COMMON         0x20000fe8        0xc lib/bsp/tft_ili9341/stm32f1_ili9341.o
                0x20000fe8                ILI9341_x
                0x20000fec                ILI9341_Opts
                0x20000ff2                ILI9341_y
 COMMON         0x20000ff4        0x4 lib/hal/src/stm32f1xx_hal.o
                0x20000ff4                uwTick
 COMMON         0x20000ff8       0x21 d:/systemworkbench/plugins/fr.ac6.mcu.externaltools.arm-none.win32_1.17.0.201812190825/tools/compiler/bin/../lib/gcc/arm-none-eabi/7.3.1/../../../../arm-none-eabi/lib/thumb/v7-m\libc.a(lib_a-lock.o)
                0x20000ff8                __lock___atexit_recursive_mutex
                0x20000ffc                __lock___arc4random_mutex
                0x20001000                __lock___env_recursive_mutex
                0x20001004                __lock___sinit_recursive_mutex
                0x20001008                __lock___malloc_recursive_mutex
                0x2000100c                __lock___at_quick_exit_mutex
                0x20001010                __lock___dd_hash_mutex
                0x20001014                __lock___tz_mutex
                0x20001018                __lock___sfp_recursive_mutex
 *fill*         0x20001019        0x3 
 COMMON         0x2000101c        0x4 d:/systemworkbench/plugins/fr.ac6.mcu.externaltools.arm-none.win32_1.17.0.201812190825/tools/compiler/bin/../lib/gcc/arm-none-eabi/7.3.1/../../../../arm-none-eabi/lib/thumb/v7-m\libc.a(lib_a-reent.o)
                0x2000101c                errno
                0x20001020                . = ALIGN (0x4)
                0x20001020                _ebss = .
                0x20001020                __bss_end__ = _ebss

._user_heap_stack
                0x20001020      0x600 load address 0x0800d6ec
                0x20001020                . = ALIGN (0x8)
                0x20001020                PROVIDE (end = .)
                [!provide]                PROVIDE (_end = .)
                0x20001220                . = (. + _Min_Heap_Size)
 *fill*         0x20001020      0x200 
                0x20001620                . = (. + _Min_Stack_Size)
 *fill*         0x20001220      0x400 
                0x20001620                . = ALIGN (0x8)

/DISCARD/
 libc.a(*)
 libm.a(*)
 libgcc.a(*)

.ARM.attributes
                0x00000000       0x29
 *(.ARM.attributes)
 .ARM.attributes
                0x00000000       0x1d d:/systemworkbench/plugins/fr.ac6.mcu.externaltools.arm-none.win32_1.17.0.201812190825/tools/compiler/bin/../lib/gcc/arm-none-eabi/7.3.1/thumb/v7-m/crti.o
 .ARM.attributes
                0x0000001d       0x2d d:/systemworkbench/plugins/fr.ac6.mcu.externaltools.arm-none.win32_1.17.0.201812190825/tools/compiler/bin/../lib/gcc/arm-none-eabi/7.3.1/thumb/v7-m/crtbegin.o
 .ARM.attributes
                0x0000004a       0x33 appli/main.o
 .ARM.attributes
                0x0000007d       0x33 lib/bsp/stm32f1_adc.o
 .ARM.attributes
                0x000000b0       0x33 lib/bsp/stm32f1_gpio.o
 .ARM.attributes
                0x000000e3       0x33 lib/bsp/stm32f1_spi.o
 .ARM.attributes
                0x00000116       0x33 lib/bsp/stm32f1_sys.o
 .ARM.attributes
                0x00000149       0x33 lib/bsp/stm32f1_timer.o
 .ARM.attributes
                0x0000017c       0x33 lib/bsp/stm32f1_uart.o
 .ARM.attributes
                0x000001af       0x33 lib/bsp/stm32f1_weak_it.o
 .ARM.attributes
                0x000001e2       0x33 lib/bsp/system_stm32f1xx.o
 .ARM.attributes
                0x00000215       0x33 lib/bsp/systick.o
 .ARM.attributes
                0x00000248       0x33 lib/bsp/tft_ili9341/stm32f1_fonts.o
 .ARM.attributes
                0x0000027b       0x33 lib/bsp/tft_ili9341/stm32f1_ili9341.o
 .ARM.attributes
                0x000002ae       0x33 lib/hal/src/stm32f1xx_hal.o
 .ARM.attributes
                0x000002e1       0x33 lib/hal/src/stm32f1xx_hal_adc.o
 .ARM.attributes
                0x00000314       0x33 lib/hal/src/stm32f1xx_hal_cortex.o
 .ARM.attributes
                0x00000347       0x33 lib/hal/src/stm32f1xx_hal_dma.o
 .ARM.attributes
                0x0000037a       0x33 lib/hal/src/stm32f1xx_hal_gpio.o
 .ARM.attributes
                0x000003ad       0x33 lib/hal/src/stm32f1xx_hal_rcc.o
 .ARM.attributes
                0x000003e0       0x33 lib/hal/src/stm32f1xx_hal_spi.o
 .ARM.attributes
                0x00000413       0x33 lib/hal/src/stm32f1xx_hal_spi_ex.o
 .ARM.attributes
                0x00000446       0x33 lib/hal/src/stm32f1xx_hal_tim.o
 .ARM.attributes
                0x00000479       0x33 lib/hal/src/stm32f1xx_hal_tim_ex.o
 .ARM.attributes
                0x000004ac       0x33 lib/hal/src/stm32f1xx_hal_uart.o
 .ARM.attributes
                0x000004df       0x21 lib/startup_stm32f103xb.o
 .ARM.attributes
                0x00000500       0x1d d:/systemworkbench/plugins/fr.ac6.mcu.externaltools.arm-none.win32_1.17.0.201812190825/tools/compiler/bin/../lib/gcc/arm-none-eabi/7.3.1/thumb/v7-m\libgcc.a(_arm_addsubdf3.o)
 .ARM.attributes
                0x0000051d       0x1d d:/systemworkbench/plugins/fr.ac6.mcu.externaltools.arm-none.win32_1.17.0.201812190825/tools/compiler/bin/../lib/gcc/arm-none-eabi/7.3.1/thumb/v7-m\libgcc.a(_aeabi_ldivmod.o)
 .ARM.attributes
                0x0000053a       0x1d d:/systemworkbench/plugins/fr.ac6.mcu.externaltools.arm-none.win32_1.17.0.201812190825/tools/compiler/bin/../lib/gcc/arm-none-eabi/7.3.1/thumb/v7-m\libgcc.a(_aeabi_uldivmod.o)
 .ARM.attributes
                0x00000557       0x2d d:/systemworkbench/plugins/fr.ac6.mcu.externaltools.arm-none.win32_1.17.0.201812190825/tools/compiler/bin/../lib/gcc/arm-none-eabi/7.3.1/thumb/v7-m\libgcc.a(_udivmoddi4.o)
 .ARM.attributes
                0x00000584       0x1d d:/systemworkbench/plugins/fr.ac6.mcu.externaltools.arm-none.win32_1.17.0.201812190825/tools/compiler/bin/../lib/gcc/arm-none-eabi/7.3.1/thumb/v7-m\libgcc.a(_dvmd_tls.o)
 .ARM.attributes
                0x000005a1       0x2d d:/systemworkbench/plugins/fr.ac6.mcu.externaltools.arm-none.win32_1.17.0.201812190825/tools/compiler/bin/../lib/gcc/arm-none-eabi/7.3.1/../../../../arm-none-eabi/lib/thumb/v7-m\libc.a(lib_a-errno.o)
 .ARM.attributes
                0x000005ce       0x2d d:/systemworkbench/plugins/fr.ac6.mcu.externaltools.arm-none.win32_1.17.0.201812190825/tools/compiler/bin/../lib/gcc/arm-none-eabi/7.3.1/../../../../arm-none-eabi/lib/thumb/v7-m\libc.a(lib_a-impure.o)
 .ARM.attributes
                0x000005fb       0x2d d:/systemworkbench/plugins/fr.ac6.mcu.externaltools.arm-none.win32_1.17.0.201812190825/tools/compiler/bin/../lib/gcc/arm-none-eabi/7.3.1/../../../../arm-none-eabi/lib/thumb/v7-m\libc.a(lib_a-init.o)
 .ARM.attributes
                0x00000628       0x2d d:/systemworkbench/plugins/fr.ac6.mcu.externaltools.arm-none.win32_1.17.0.201812190825/tools/compiler/bin/../lib/gcc/arm-none-eabi/7.3.1/../../../../arm-none-eabi/lib/thumb/v7-m\libc.a(lib_a-itoa.o)
 .ARM.attributes
                0x00000655       0x2d d:/systemworkbench/plugins/fr.ac6.mcu.externaltools.arm-none.win32_1.17.0.201812190825/tools/compiler/bin/../lib/gcc/arm-none-eabi/7.3.1/../../../../arm-none-eabi/lib/thumb/v7-m\libc.a(lib_a-malloc.o)
 .ARM.attributes
                0x00000682       0x2d d:/systemworkbench/plugins/fr.ac6.mcu.externaltools.arm-none.win32_1.17.0.201812190825/tools/compiler/bin/../lib/gcc/arm-none-eabi/7.3.1/../../../../arm-none-eabi/lib/thumb/v7-m\libc.a(lib_a-mallocr.o)
 .ARM.attributes
                0x000006af       0x2d d:/systemworkbench/plugins/fr.ac6.mcu.externaltools.arm-none.win32_1.17.0.201812190825/tools/compiler/bin/../lib/gcc/arm-none-eabi/7.3.1/../../../../arm-none-eabi/lib/thumb/v7-m\libc.a(lib_a-memset.o)
 .ARM.attributes
                0x000006dc       0x2d d:/systemworkbench/plugins/fr.ac6.mcu.externaltools.arm-none.win32_1.17.0.201812190825/tools/compiler/bin/../lib/gcc/arm-none-eabi/7.3.1/../../../../arm-none-eabi/lib/thumb/v7-m\libc.a(lib_a-mlock.o)
 .ARM.attributes
                0x00000709       0x2d d:/systemworkbench/plugins/fr.ac6.mcu.externaltools.arm-none.win32_1.17.0.201812190825/tools/compiler/bin/../lib/gcc/arm-none-eabi/7.3.1/../../../../arm-none-eabi/lib/thumb/v7-m\libc.a(lib_a-printf.o)
 .ARM.attributes
                0x00000736       0x2d d:/systemworkbench/plugins/fr.ac6.mcu.externaltools.arm-none.win32_1.17.0.201812190825/tools/compiler/bin/../lib/gcc/arm-none-eabi/7.3.1/../../../../arm-none-eabi/lib/thumb/v7-m\libc.a(lib_a-setvbuf.o)
 .ARM.attributes
                0x00000763       0x2d d:/systemworkbench/plugins/fr.ac6.mcu.externaltools.arm-none.win32_1.17.0.201812190825/tools/compiler/bin/../lib/gcc/arm-none-eabi/7.3.1/../../../../arm-none-eabi/lib/thumb/v7-m\libc.a(lib_a-strlen-stub.o)
 .ARM.attributes