19:24:09 **** Incremental Build of configuration Debug for project mission-gravity ****
make -j8 all 
Building file: ../appli/main.c
Invoking: MCU GCC Compiler
C:\Users\simon\OneDrive\Documents\ESEO\I1\SE\PSE1\workspace_stm32\mission-gravity\Debug
arm-none-eabi-gcc -mcpu=cortex-m3 -mthumb -mfloat-abi=soft -DSTM32F1 -DNUCLEO_F103RB -DSTM32F103RBTx -DSTM32 -DDEBUG -DUSE_HAL_DRIVER -DSTM32F103xB -I"C:/Users/simon/OneDrive/Documents/ESEO/I1/SE/PSE1/workspace_stm32/mission-gravity/lib/bsp" -I"C:/Users/simon/OneDrive/Documents/ESEO/I1/SE/PSE1/workspace_stm32/mission-gravity/lib/bsp/MPU6050" -I../lib/bsp/iks01a1 -I../lib/bsp/iks01a1/Common -I../lib/bsp/iks01a1/hts221 -I../lib/bsp/iks01a1/lis3mdl -I../lib/bsp/iks01a1/lps22hb -I../lib/bsp/iks01a1/lps25hb -I../lib/bsp/iks01a1/lsm6ds0 -I../lib/bsp/iks01a1/lsm6ds3 -I"C:/Users/simon/OneDrive/Documents/ESEO/I1/SE/PSE1/workspace_stm32/mission-gravity/lib/bsp/tft_ili9341" -I../lib/bsp/tft_pcd8544 -I../lib/bsp/MCP23S17 -I"C:/Users/simon/OneDrive/Documents/ESEO/I1/SE/PSE1/workspace_stm32/mission-gravity/lib/hal/inc" -I../lib/bsp/Common -I../lib/bsp/lcd2x16 -I../lib/bsp/MLX90614 -I../lib/bsp/MatrixKeyboard -I../lib/bsp/MatrixLed -I"C:/Users/simon/OneDrive/Documents/ESEO/I1/SE/PSE1/workspace_stm32/mission-gravity/lib/CMSIS/core" -I"C:/Users/simon/OneDrive/Documents/ESEO/I1/SE/PSE1/workspace_stm32/mission-gravity/lib/CMSIS/device" -I../lib/middleware/FatFs -I../lib/middleware/FatFs/src -I../lib/middleware/FatFs/src/drivers -I"C:/Users/simon/OneDrive/Documents/ESEO/I1/SE/PSE1/workspace_stm32/mission-gravity/appli"  -Og -g3 -Wall -Wextra -Wconversion -fmessage-length=0 -ffunction-sections -fdata-sections -c -MMD -MP -MF"appli/main.d" -MT"appli/main.o" -o "appli/main.o" "../appli/main.c"
Finished building: ../appli/main.c
 
Building target: mission-gravity.elf
Invoking: MCU GCC Linker
arm-none-eabi-gcc -mcpu=cortex-m3 -mthumb -mfloat-abi=soft -u_printf_float -T"../lib/LinkerScript.ld" -Wl,-Map=output.map -Wl,--gc-sections -o "mission-gravity.elf" @"objects.list"   -lm
Finished building target: mission-gravity.elf
 
make --no-print-directory post-build
Generating binary and Printing size information:
arm-none-eabi-objcopy -O binary "mission-gravity.elf" "mission-gravity.bin"
arm-none-eabi-size "mission-gravity.elf"
   text	   data	    bss	    dec	    hex	filename
  53672	   2516	   2856	  59044	   e6a4	mission-gravity.elf
 

19:24:12 Build Finished (took 3s.210ms)

